===== 会话: REDMI Watch 5 eSIM =====
[qemu-cmd] /data/user/0/com.vela.simulator/files/qemu-prefix/usr/bin/qemu-system-arm -M virt -cpu cortex-a7 -smp 1 -m 512M -device virtio-gpu-device,xres=432,yres=514 -device virtio-tablet-device -nic none -device loader,file=/data/user/0/com.vela.simulator/files/images/nuttx.bin,addr=0x600000 -device loader,addr=0x006002e0,cpu-num=0 -drive file=/data/user/0/com.vela.simulator/files/images/data.img,if=none,format=raw,id=hd0,snapshot=on -device virtio-blk-device,drive=hd0 -display none -monitor none -serial tcp:127.0.0.1:33927,server -vnc 127.0.0.1:34011 -L /data/user/0/com.vela.simulator/files/qemu-prefix/usr/share/qemu
[qemu] qemu-system-arm: -serial tcp:127.0.0.1:33927,server: info: QEMU waiting for connection on: disconnected:tcp:127.0.0.1:33927,server=on
[serial] 已连接串口 tcp:33927
[vnc] 连接尝试 #1 失败: failed to connect to /127.0.0.1 (port 39911) from /127.0.0.1 (port 39212) after 2000ms: isConnected failed: ECONNREFUSED (Connection refused)（持续重试中，等待 QEMU VNC 端口就绪）
[vnc] 已连接 127.0.0.1:39911（第 1 轮，经 2 次尝试）
[vnc] 服务器初始尺寸 640x480（模板期望 432x514，guest 图形就绪后自动切换）
nx_start: Entry
uart_register: Registering /dev/console
uart_register: Registering /dev/ttyS1
work_start_highpri: Starting high-priority kernel worker thread(s)
nxtask_activate: hpwork pid=1,TCB=0x4021a628
lib_cxx_initialize: _sinit: 0x72df74 _einit: 0x72df74
nx_start_application: Starting init thread
task_spawn: name=nsh_main entry=0x6139b8 file_actions=0 attr=0x40219fac argv=0x40219fa8
nxtask_activate: nsh_main pid=2,TCB=0x4021a710
nx_start: CPU0: Beginning Idle Loop
[vnc] guest 扫描输出就绪，画面尺寸 → 432x514
NuttShell (NSH)
[vela] 检测到 NSH，自动执行 2 条命令
[vela] 自动命令: mount -t vfat /dev/virtblk0 /data
nsh> [Kmount -t vfat /dev/virtblk0 /data
nxposix_spawn_exec: ERROR: exec failed: 2
nsh> [K
[vela] 自动命令: vapp hap://app/qa71f2ba2c1b
nsh> [Kvapp hap://app/qa71f2ba2c1b
nxtask_activate: vapp pid=3,TCB=0x40227788
[vapp] open runtime starting for qa71f2ba2c1b
[vapp] using unpacked package at /data/vapps/qa71f2ba2c1b/
[vapp] entry page: pages/index (/data/vapps/qa71f2ba2c1b/pages/index/index.js)
pthread_mutex_init: mutex=0x4040c3b0 attr=0x404004d4
pthread_mutex_timedlock: mutex=0x40200534
pthread_mutex_timedlock: Returning 0
pthread_mutex_unlock: mutex=0x40200534
pthread_mutex_unlock: Returning 0
pthread_mutex_timedlock: mutex=0x4040c940
pthread_mutex_timedlock: Returning 0
pthread_mutex_unlock: mutex=0x4040c940
pthread_mutex_unlock: Returning 0
pthread_cond_init: cond=0x40400988 attr=0
pthread_cond_init: Returning 0
pthread_mutex_init: mutex=0x4040096c attr=0
pthread_mutex_init: mutex=0x4040090c attr=0x404004d4
[vapp] JS exception in boot: ReferenceError: could not load module '/data/vapps/qa71f2ba2c1b/app.js'
pthread_mutex_timedlock: mutex=0x4040090c
pthread_mutex_timedlock: Returning 0
pthread_mutex_unlock: mutex=0x4040090c
pthread_mutex_unlock: Returning 0
pthread_mutex_destroy: mutex=0x4040090c
pthread_mutex_destroy: Returning 0
pthread_cond_destroy: cond=0x40400988
pthread_cond_destroy: Returning 0
pthread_mutex_destroy: mutex=0x4040096c
pthread_mutex_destroy: Returning 0
pthread_mutex_destroy: mutex=0x4040c3b0
pthread_mutex_destroy: Returning 0
[vapp] exited (1)
nxtask_exit: vapp pid=3,TCB=0x40227788
nsh> [K
[vnc] 画面流结束: Socket closed
[qemu] 输出流结束: read interrupted by close() on another thread
[vela] QEMU 已退出（代码 0）
