===== 会话: Xiaomi Watch S5 系列 =====
[qemu-cmd] /data/user/0/com.vela.simulator/files/qemu-prefix/usr/bin/qemu-system-arm -M virt -cpu cortex-a7 -smp 2 -m 512M -device virtio-gpu-device -device virtio-tablet-device -nic none -kernel /data/user/0/com.vela.simulator/files/images/openvela-qemu-armv7a-full.elf -display none -monitor none -serial tcp:127.0.0.1:40985,server -vnc 127.0.0.1:29757 -L /data/user/0/com.vela.simulator/files/qemu-prefix/usr/share/qemu
[qemu] qemu-system-arm: -serial tcp:127.0.0.1:40985,server: info: QEMU waiting for connection on: disconnected:tcp:127.0.0.1:40985,server=on
[serial] 已连接串口 tcp:40985
[vnc] 已连接 127.0.0.1:35657
fdt_cfi_register: cfi flash0 has beed used to store text:[0,4000000], flash:[600000,3600000]
lfs_dir_fetchmatch: Corrupted dir pair at {0x0, 0x1}
NuttShell (NSH)
[vela] 检测到 NSH，自动启动界面: lvgldemo
nsh> [Klvgldemo
[LVGL] [User]	(8.755, +8755)	 check_stack_size: tid: 5, Stack size : 32656 lv_nuttx_entry.c:295
[LVGL] [Info]	(8.794, +39)	 lv_obj_create: begin lv_obj.c:215
[LVGL] [Info]	(8.802, +8)	 lv_obj_create: begin lv_obj.c:215
[LVGL] [Info]	(8.803, +1)	 lv_obj_create: begin lv_obj.c:215
[LVGL] [Info]	(8.803, +0)	 lv_obj_create: begin lv_obj.c:215
[LVGL] [User]	(8.808, +5)	 lv_nuttx_fbdev_set_file: The framebuffer device was opened successfully lv_nuttx_fbdev.c:108
[LVGL] [User]	(8.809, +1)	 lv_nuttx_fbdev_set_file: VideoInfo: lv_nuttx_fbdev.c:116
[LVGL] [User]	(8.809, +0)	 lv_nuttx_fbdev_set_file:       fmt: 13 lv_nuttx_fbdev.c:117
[LVGL] [User]	(8.810, +1)	 lv_nuttx_fbdev_set_file:      xres: 1280 lv_nuttx_fbdev.c:118
[LVGL] [User]	(8.810, +0)	 lv_nuttx_fbdev_set_file:      yres: 800 lv_nuttx_fbdev.c:119
[LVGL] [User]	(8.811, +1)	 lv_nuttx_fbdev_set_file:   nplanes: 1 lv_nuttx_fbdev.c:120
[LVGL] [User]	(8.811, +0)	 fbdev_get_pinfo: PlaneInfo (plane 0): lv_nuttx_fbdev.c:319
[LVGL] [User]	(8.812, +1)	 fbdev_get_pinfo:     mem: 0x40229010 lv_nuttx_fbdev.c:320
[LVGL] [User]	(8.812, +0)	 fbdev_get_pinfo:     fblen: 8192000 lv_nuttx_fbdev.c:321
[LVGL] [User]	(8.813, +1)	 fbdev_get_pinfo:    stride: 5120 lv_nuttx_fbdev.c:322
[LVGL] [User]	(8.813, +0)	 fbdev_get_pinfo:   display: 0 lv_nuttx_fbdev.c:323
[LVGL] [User]	(8.813, +0)	 fbdev_get_pinfo:       bpp: 32 lv_nuttx_fbdev.c:324
[LVGL] [User]	(8.816, +3)	 fbdev_get_pinfo: PlaneInfo (plane 0): lv_nuttx_fbdev.c:319
[LVGL] [User]	(8.816, +0)	 fbdev_get_pinfo:     mem: 0x40229010 lv_nuttx_fbdev.c:320
[LVGL] [User]	(8.817, +1)	 fbdev_get_pinfo:     fblen: 8192000 lv_nuttx_fbdev.c:321
[LVGL] [User]	(8.817, +0)	 fbdev_get_pinfo:    stride: 5120 lv_nuttx_fbdev.c:322
[LVGL] [User]	(8.818, +1)	 fbdev_get_pinfo:   display: 0 lv_nuttx_fbdev.c:323
[LVGL] [User]	(8.818, +0)	 fbdev_get_pinfo:       bpp: 32 lv_nuttx_fbdev.c:324
[LVGL] [User]	(8.819, +1)	 fbdev_init_mem2: Use consecutive mem2 = 0x40611010, yoffset = 800 lv_nuttx_fbdev.c:370
[LVGL] [User]	(8.822, +3)	 lv_nuttx_fbdev_set_file: Resolution is set to 1280x800 at 130dpi lv_nuttx_fbdev.c:174
[LVGL] [User]	(8.823, +1)	 lv_nuttx_touchscreen_create: touchscreen /dev/input0 opening lv_nuttx_touchscreen.c:68
[LVGL] [User]	(8.824, +1)	 lv_nuttx_touchscreen_create: touchscreen /dev/input0 open success lv_nuttx_touchscreen.c:75
[LVGL] [User]	(8.826, +2)	 lv_nuttx_touchscreen_create: touchscreen /dev/utouch opening lv_nuttx_touchscreen.c:68
[LVGL] [User]	(8.826, +0)	 lv_nuttx_touchscreen_create: touchscreen /dev/utouch open success lv_nuttx_touchscreen.c:75
[LVGL] [Info]	(8.830, +4)	 lv_tabview_create: begin lv_tabview.c:63
[LVGL] [Info]	(8.833, +3)	 lv_obj_create: begin lv_obj.c:215
[LVGL] [Info]	(8.835, +2)	 lv_obj_create: begin lv_obj.c:215
[LVGL] [Info]	(8.838, +3)	 lv_obj_create: begin lv_obj.c:215
[LVGL] [Info]	(8.839, +1)	 lv_button_create: begin lv_button.c:51
[LVGL] [Info]	(8.842, +3)	 lv_label_create: begin lv_label.c:125
[LVGL] [Info]	(8.855, +13)	 flex_update: update 0x40a032c8 container lv_flex.c:128
[LVGL] [Info]	(8.859, +4)	 flex_update: update 0x40a03358 container lv_flex.c:128
[LVGL] [Info]	(8.862, +3)	 flex_update: update 0x40a03210 container lv_flex.c:128
[LVGL] [Info]	(8.863, +1)	 flex_update: update 0x40a032c8 container lv_flex.c:128
[LVGL] [Info]	(8.864, +1)	 flex_update: update 0x40a03358 container lv_flex.c:128
[LVGL] [Info]	(8.865, +1)	 flex_update: update 0x40a03210 container lv_flex.c:128
[LVGL] [Info]	(8.866, +1)	 flex_update: update 0x40a032c8 container lv_flex.c:128
[LVGL] [Info]	(8.867, +1)	 flex_update: update 0x40a03358 container lv_flex.c:128
[LVGL] [Info]	(8.867, +0)	 lv_obj_create: begin lv_obj.c:215
[LVGL] [Info]	(8.868, +1)	 lv_button_create: begin lv_button.c:51
[LVGL] [Info]	(8.868, +0)	 lv_label_create: begin lv_label.c:125
[LVGL] [Info]	(8.869, +1)	 lv_obj_create: begin lv_obj.c:215
[LVGL] [Info]	(8.870, +1)	 lv_button_create: begin lv_button.c:51
[LVGL] [Info]	(8.870, +0)	 lv_label_create: begin lv_label.c:125
[LVGL] [Info]	(8.872, +2)	 lv_image_create: begin lv_image.c:138
[LVGL] [Info]	(8.875, +3)	 lv_label_create: begin lv_label.c:125
[LVGL] [Info]	(8.878, +3)	 flex_update: update 0x40a032c8 container lv_flex.c:128
[LVGL] [Info]	(8.879, +1)	 flex_update: update 0x40a03358 container lv_flex.c:128
[LVGL] [Info]	(8.880, +1)	 flex_update: update 0x40a03210 container lv_flex.c:128
[LVGL] [Info]	(8.881, +1)	 flex_update: update 0x40a032c8 container lv_flex.c:128
[LVGL] [Info]	(8.882, +1)	 lv_label_create: begin lv_label.c:125
[LVGL] [Info]	(8.884, +2)	 flex_update: update 0x40a032c8 container lv_flex.c:128
[LVGL] [Info]	(8.885, +1)	 lv_obj_create: begin lv_obj.c:215
[LVGL] [Info]	(8.886, +1)	 lv_image_create: begin lv_image.c:138
[LVGL] [Info]	(8.886, +0)	 lv_label_create: begin lv_label.c:125
[LVGL] [Info]	(8.887, +1)	 lv_label_create: begin lv_label.c:125
[LVGL] [Info]	(8.888, +1)	 lv_label_create: begin lv_label.c:125
[LVGL] [Info]	(8.890, +2)	 lv_label_create: begin lv_label.c:125
[LVGL] [Info]	(8.891, +1)	 lv_label_create: begin lv_label.c:125
[LVGL] [Info]	(8.892, +1)	 lv_label_create: begin lv_label.c:125
[LVGL] [Info]	(8.892, +0)	 lv_button_create: begin lv_button.c:51
[LVGL] [Info]	(8.894, +2)	 lv_label_create: begin lv_label.c:125
[LVGL] [Info]	(8.895, +1)	 lv_button_create: begin lv_button.c:51
[LVGL] [Info]	(8.900, +5)	 lv_label_create: begin lv_label.c:125
[LVGL] [Info]	(8.901, +1)	 lv_keyboard_create: begin lv_keyboard.c:218
[LVGL] [Info]	(8.905, +4)	 lv_obj_create: begin lv_obj.c:215
[LVGL] [Info]	(8.906, +1)	 lv_label_create: begin lv_label.c:125
[LVGL] [Info]	(8.907, +1)	 lv_label_create: begin lv_label.c:125
[LVGL] [Info]	(8.908, +1)	 lv_textarea_create: begin lv_textarea.c:187
[LVGL] [Info]	(8.909, +1)	 lv_label_create: begin lv_label.c:125
[LVGL] [Info]	(8.910, +1)	 flex_update: update 0x40a032c8 container lv_flex.c:128
[LVGL] [Info]	(8.925, +15)	 lv_label_create: begin lv_label.c:125
[LVGL] [Info]	(8.926, +1)	 lv_textarea_create: begin lv_textarea.c:187
[LVGL] [Info]	(8.927, +1)	 lv_label_create: begin lv_label.c:125
[LVGL] [Info]	(8.932, +5)	 lv_label_create: begin lv_label.c:125
[LVGL] [Info]	(8.933, +1)	 lv_dropdown_create: begin lv_dropdown.c:158
[LVGL] [Info]	(8.936, +3)	 lv_dropdown_list_create: begin lv_dropdown.c:640
[LVGL] [Info]	(8.937, +1)	 lv_label_create: begin lv_label.c:125
[LVGL] [Info]	(8.938, +1)	 lv_label_create: begin lv_label.c:125
[LVGL] [Info]	(8.940, +2)	 lv_textarea_create: begin lv_textarea.c:187
[LVGL] [Info]	(8.940, +0)	 lv_label_create: begin lv_label.c:125
[LVGL] [Info]	(8.946, +6)	 lv_obj_create: begin lv_obj.c:215
[LVGL] [Info]	(8.946, +0)	 lv_label_create: begin lv_label.c:125
[LVGL] [Info]	(8.947, +1)	 lv_label_create: begin lv_label.c:125
[LVGL] [Info]	(8.948, +1)	 lv_slider_create: begin lv_slider.c:72
[LVGL] [Info]	(8.951, +3)	 lv_label_create: begin lv_label.c:125
[LVGL] [Info]	(8.952, +1)	 lv_switch_create: begin lv_switch.c:77
[LVGL] [Info]	(8.954, +2)	 lv_label_create: begin lv_label.c:125
[LVGL] [Info]	(8.955, +1)	 lv_switch_create: begin lv_switch.c:77
[LVGL] [Info]	(8.969, +14)	 lv_obj_create: begin lv_obj.c:215
[LVGL] [Info]	(8.971, +2)	 lv_label_create: begin lv_label.c:125
[LVGL] [Info]	(8.973, +2)	 lv_scale_create: begin lv_scale.c:94
[LVGL] [Info]	(8.975, +2)	 lv_obj_create: begin lv_obj.c:215
[LVGL] [Info]	(8.976, +1)	 lv_chart_create: begin lv_chart.c:73
[LVGL] [Info]	(8.978, +2)	 lv_scale_create: begin lv_scale.c:94
[LVGL] [Info]	(8.980, +2)	 lv_chart_add_series: begin lv_chart.c:286
[LVGL] [Info]	(8.981, +1)	 lv_obj_create: begin lv_obj.c:215
[LVGL] [Info]	(8.984, +3)	 lv_label_create: begin lv_label.c:125
[LVGL] [Info]	(8.985, +1)	 lv_scale_create: begin lv_scale.c:94
[LVGL] [Info]	(8.986, +1)	 lv_obj_create: begin lv_obj.c:215
[LVGL] [Info]	(8.987, +1)	 lv_chart_create: begin lv_chart.c:73
[LVGL] [Info]	(8.988, +1)	 lv_scale_create: begin lv_scale.c:94
[LVGL] [Info]	(8.989, +1)	 lv_chart_add_series: begin lv_chart.c:286
[LVGL] [Info]	(8.990, +1)	 lv_chart_add_series: begin lv_chart.c:286
[LVGL] [Info]	(8.994, +4)	 grid_update: update 0x40a03e70 container lv_grid.c:189
[LVGL] [Info]	(9.000, +6)	 grid_update: update 0x40a048a8 container lv_grid.c:189
[LVGL] [Info]	(9.004, +4)	 grid_update: update 0x40a05b00 container lv_grid.c:189
[LVGL] [Info]	(9.005, +1)	 grid_update: update 0x40a03498 container lv_grid.c:189
[LVGL] [Info]	(9.007, +2)	 grid_update: update 0x40a06ac0 container lv_grid.c:189
[LVGL] [Info]	(9.009, +2)	 grid_update: update 0x40a067e0 container lv_grid.c:189
[LVGL] [Info]	(9.011, +2)	 grid_update: update 0x40a07110 container lv_grid.c:189
[LVGL] [Info]	(9.013, +2)	 grid_update: update 0x40a06e30 container lv_grid.c:189
[LVGL] [Info]	(9.013, +0)	 flex_update: update 0x40a03740 container lv_flex.c:128
[LVGL] [Info]	(9.014, +1)	 flex_update: update 0x40a03358 container lv_flex.c:128
[LVGL] [Info]	(9.017, +3)	 grid_update: update 0x40a03e70 container lv_grid.c:189
[LVGL] [Info]	(9.020, +3)	 grid_update: update 0x40a048a8 container lv_grid.c:189
[LVGL] [Info]	(9.023, +3)	 grid_update: update 0x40a05b00 container lv_grid.c:189
[LVGL] [Info]	(9.025, +2)	 grid_update: update 0x40a03498 container lv_grid.c:189
[LVGL] [Info]	(9.026, +1)	 grid_update: update 0x40a06ac0 container lv_grid.c:189
[LVGL] [Info]	(9.026, +0)	 grid_update: update 0x40a067e0 container lv_grid.c:189
[LVGL] [Info]	(9.028, +2)	 grid_update: update 0x40a07110 container lv_grid.c:189
[LVGL] [Info]	(9.028, +0)	 grid_update: update 0x40a06e30 container lv_grid.c:189
[LVGL] [Info]	(9.030, +2)	 flex_update: update 0x40a03740 container lv_flex.c:128
[LVGL] [Info]	(9.033, +3)	 grid_update: update 0x40a03e70 container lv_grid.c:189
[LVGL] [Info]	(9.037, +4)	 grid_update: update 0x40a048a8 container lv_grid.c:189
[LVGL] [Info]	(9.039, +2)	 grid_update: update 0x40a03498 container lv_grid.c:189
[LVGL] [Info]	(9.041, +2)	 grid_update: update 0x40a06ac0 container lv_grid.c:189
[LVGL] [Info]	(9.043, +2)	 grid_update: update 0x40a067e0 container lv_grid.c:189
[LVGL] [Info]	(9.044, +1)	 grid_update: update 0x40a07110 container lv_grid.c:189
[LVGL] [Info]	(9.044, +0)	 grid_update: update 0x40a06e30 container lv_grid.c:189
[LVGL] [Info]	(9.046, +2)	 grid_update: update 0x40a03e70 container lv_grid.c:189
[LVGL] [Info]	(9.048, +2)	 lv_obj_create: begin lv_obj.c:215
[LVGL] [Info]	(9.049, +1)	 lv_label_create: begin lv_label.c:125
[LVGL] [Info]	(9.051, +2)	 lv_scale_create: begin lv_scale.c:94
[LVGL] [Info]	(9.053, +2)	 lv_obj_create: begin lv_obj.c:215
[LVGL] [Info]	(9.054, +1)	 lv_label_create: begin lv_label.c:125
[LVGL] [Info]	(9.055, +1)	 lv_obj_create: begin lv_obj.c:215
[LVGL] [Info]	(9.056, +1)	 lv_label_create: begin lv_label.c:125
[LVGL] [Info]	(9.057, +1)	 lv_obj_create: begin lv_obj.c:215
[LVGL] [Info]	(9.058, +1)	 lv_label_create: begin lv_label.c:125
[LVGL] [Info]	(9.063, +5)	 lv_obj_create: begin lv_obj.c:215
[LVGL] [Info]	(9.064, +1)	 lv_label_create: begin lv_label.c:125
[LVGL] [Info]	(9.064, +0)	 lv_scale_create: begin lv_scale.c:94
[LVGL] [Info]	(9.065, +1)	 lv_obj_create: begin lv_obj.c:215
[LVGL] [Info]	(9.066, +1)	 lv_label_create: begin lv_label.c:125
[LVGL] [Info]	(9.067, +1)	 lv_obj_create: begin lv_obj.c:215
[LVGL] [Info]	(9.067, +0)	 lv_label_create: begin lv_label.c:125
[LVGL] [Info]	(9.068, +1)	 lv_obj_create: begin lv_obj.c:215
[LVGL] [Info]	(9.068, +0)	 lv_label_create: begin lv_label.c:125
[LVGL] [Info]	(9.072, +4)	 lv_obj_create: begin lv_obj.c:215
[LVGL] [Info]	(9.072, +0)	 lv_label_create: begin lv_label.c:125
[LVGL] [Info]	(9.073, +1)	 lv_scale_create: begin lv_scale.c:94
[LVGL] [Info]	(9.074, +1)	 lv_obj_create: begin lv_obj.c:215
[LVGL] [Info]	(9.075, +1)	 lv_label_create: begin lv_label.c:125
[LVGL] [Info]	(9.075, +0)	 lv_obj_create: begin lv_obj.c:215
[LVGL] [Info]	(9.076, +1)	 lv_label_create: begin lv_label.c:125
[LVGL] [Info]	(9.076, +0)	 lv_obj_create: begin lv_obj.c:215
[LVGL] [Info]	(9.077, +1)	 lv_label_create: begin lv_label.c:125
[LVGL] [Info]	(9.080, +3)	 grid_update: update 0x40a07110 container lv_grid.c:189
[LVGL] [Info]	(9.083, +3)	 grid_update: update 0x40a07508 container lv_grid.c:189
[LVGL] [Info]	(9.086, +3)	 grid_update: update 0x40a07cb0 container lv_grid.c:189
[LVGL] [Info]	(9.091, +5)	 grid_update: update 0x40a08458 container lv_grid.c:189
[LVGL] [Info]	(9.093, +2)	 flex_update: update 0x40a03740 container lv_flex.c:128
[LVGL] [Info]	(9.094, +1)	 grid_update: update 0x40a07508 container lv_grid.c:189
[LVGL] [Info]	(9.097, +3)	 grid_update: update 0x40a07cb0 container lv_grid.c:189
[LVGL] [Info]	(9.099, +2)	 grid_update: update 0x40a08458 container lv_grid.c:189
[LVGL] [Info]	(9.101, +2)	 flex_update: update 0x40a03740 container lv_flex.c:128
[LVGL] [Info]	(9.102, +1)	 grid_update: update 0x40a07508 container lv_grid.c:189
[LVGL] [Info]	(9.104, +2)	 grid_update: update 0x40a07cb0 container lv_grid.c:189
[LVGL] [Info]	(9.107, +3)	 grid_update: update 0x40a08458 container lv_grid.c:189
[LVGL] [Info]	(9.107, +0)	 flex_update: update 0x40a03740 container lv_flex.c:128
[LVGL] [Info]	(9.108, +1)	 grid_update: update 0x40a07508 container lv_grid.c:189
[LVGL] [Info]	(9.110, +2)	 grid_update: update 0x40a07cb0 container lv_grid.c:189
[LVGL] [Info]	(9.111, +1)	 grid_update: update 0x40a08458 container lv_grid.c:189
[LVGL] [Info]	(9.113, +2)	 lv_arc_create: begin lv_arc.c:76
[LVGL] [Info]	(9.118, +5)	 lv_arc_create: begin lv_arc.c:76
[LVGL] [Info]	(9.122, +4)	 lv_arc_create: begin lv_arc.c:76
[LVGL] [Info]	(9.124, +2)	 lv_arc_create: begin lv_arc.c:76
[LVGL] [Info]	(9.126, +2)	 lv_arc_create: begin lv_arc.c:76
[LVGL] [Info]	(9.127, +1)	 lv_arc_create: begin lv_arc.c:76
[LVGL] [Info]	(9.130, +3)	 lv_image_create: begin lv_image.c:138
[LVGL] [Info]	(9.132, +2)	 grid_update: update 0x40a07508 container lv_grid.c:189
[LVGL] [Info]	(9.134, +2)	 grid_update: update 0x40a07cb0 container lv_grid.c:189
[LVGL] [Info]	(9.135, +1)	 grid_update: update 0x40a08458 container lv_grid.c:189
[LVGL] [Info]	(9.136, +1)	 flex_update: update 0x40a03740 container lv_flex.c:128
[LVGL] [Info]	(9.138, +2)	 grid_update: update 0x40a07508 container lv_grid.c:189
[LVGL] [Info]	(9.139, +1)	 grid_update: update 0x40a07cb0 container lv_grid.c:189
[LVGL] [Info]	(9.140, +1)	 grid_update: update 0x40a08458 container lv_grid.c:189
[LVGL] [Info]	(9.142, +2)	 lv_label_create: begin lv_label.c:125
[LVGL] [Info]	(9.143, +1)	 lv_label_create: begin lv_label.c:125
[LVGL] [Info]	(9.148, +5)	 lv_obj_create: begin lv_obj.c:215
[LVGL] [Info]	(9.149, +1)	 lv_label_create: begin lv_label.c:125
[LVGL] [Info]	(9.150, +1)	 lv_label_create: begin lv_label.c:125
[LVGL] [Info]	(9.151, +1)	 lv_label_create: begin lv_label.c:125
[LVGL] [Info]	(9.152, +1)	 lv_label_create: begin lv_label.c:125
[LVGL] [Info]	(9.153, +1)	 lv_chart_create: begin lv_chart.c:73
[LVGL] [Info]	(9.153, +0)	 lv_chart_add_series: begin lv_chart.c:286
[LVGL] [Info]	(9.158, +5)	 lv_obj_create: begin lv_obj.c:215
[LVGL] [Info]	(9.159, +1)	 lv_label_create: begin lv_label.c:125
[LVGL] [Info]	(9.160, +1)	 lv_obj_create: begin lv_obj.c:215
[LVGL] [Info]	(9.161, +1)	 lv_image_create: begin lv_image.c:138
[LVGL] [Info]	(9.162, +1)	 lv_label_create: begin lv_label.c:125
[LVGL] [Info]	(9.163, +1)	 lv_label_create: begin lv_label.c:125
[LVGL] [Info]	(9.164, +1)	 lv_label_create: begin lv_label.c:125
[LVGL] [Info]	(9.166, +2)	 lv_obj_create: begin lv_obj.c:215
[LVGL] [Info]	(9.166, +0)	 lv_image_create: begin lv_image.c:138
[LVGL] [Info]	(9.167, +1)	 lv_label_create: begin lv_label.c:125
[LVGL] [Info]	(9.168, +1)	 lv_label_create: begin lv_label.c:125
[LVGL] [Info]	(9.169, +1)	 lv_label_create: begin lv_label.c:125
[LVGL] [Info]	(9.171, +2)	 lv_obj_create: begin lv_obj.c:215
[LVGL] [Info]	(9.171, +0)	 lv_image_create: begin lv_image.c:138
[LVGL] [Info]	(9.172, +1)	 lv_label_create: begin lv_label.c:125
[LVGL] [Info]	(9.173, +1)	 lv_label_create: begin lv_label.c:125
[LVGL] [Info]	(9.174, +1)	 lv_label_create: begin lv_label.c:125
[LVGL] [Info]	(9.176, +2)	 lv_obj_create: begin lv_obj.c:215
[LVGL] [Info]	(9.176, +0)	 lv_image_create: begin lv_image.c:138
[LVGL] [Info]	(9.178, +2)	 lv_label_create: begin lv_label.c:125
[LVGL] [Info]	(9.180, +2)	 lv_label_create: begin lv_label.c:125
[LVGL] [Info]	(9.181, +1)	 lv_label_create: begin lv_label.c:125
[LVGL] [Info]	(9.183, +2)	 lv_obj_create: begin lv_obj.c:215
[LVGL] [Info]	(9.184, +1)	 lv_image_create: begin lv_image.c:138
[LVGL] [Info]	(9.185, +1)	 lv_label_create: begin lv_label.c:125
[LVGL] [Info]	(9.188, +3)	 lv_label_create: begin lv_label.c:125
[LVGL] [Info]	(9.189, +1)	 lv_label_create: begin lv_label.c:125
[LVGL] [Info]	(9.190, +1)	 lv_obj_create: begin lv_obj.c:215
[LVGL] [Info]	(9.192, +2)	 lv_label_create: begin lv_label.c:125
[LVGL] [Info]	(9.193, +1)	 lv_checkbox_create: begin lv_checkbox.c:62
[LVGL] [Info]	(9.196, +3)	 lv_checkbox_create: begin lv_checkbox.c:62
[LVGL] [Info]	(9.197, +1)	 lv_checkbox_create: begin lv_checkbox.c:62
[LVGL] [Info]	(9.198, +1)	 lv_checkbox_create: begin lv_checkbox.c:62
[LVGL] [Info]	(9.199, +1)	 lv_checkbox_create: begin lv_checkbox.c:62
[LVGL] [Info]	(9.202, +3)	 lv_checkbox_create: begin lv_checkbox.c:62
[LVGL] [Info]	(9.203, +1)	 lv_obj_create: begin lv_obj.c:215
[LVGL] [Info]	(9.204, +1)	 lv_button_create: begin lv_button.c:51
[LVGL] [Info]	(9.205, +1)	 lv_button_create: begin lv_button.c:51
[LVGL] [Info]	(9.206, +1)	 lv_button_create: begin lv_button.c:51
[LVGL] [Info]	(9.207, +1)	 lv_button_create: begin lv_button.c:51
[LVGL] [Info]	(9.209, +2)	 lv_button_create: begin lv_button.c:51
[LVGL] [Info]	(9.209, +0)	 lv_button_create: begin lv_button.c:51
[LVGL] [Info]	(9.210, +1)	 lv_button_create: begin lv_button.c:51
[LVGL] [Info]	(9.211, +1)	 lv_button_create: begin lv_button.c:51
[LVGL] [Info]	(9.218, +7)	 grid_update: update 0x40a09ae0 container lv_grid.c:189
[LVGL] [Info]	(9.221, +3)	 grid_update: update 0x40a0a310 container lv_grid.c:189
[LVGL] [Info]	(9.223, +2)	 grid_update: update 0x40a0a750 container lv_grid.c:189
[LVGL] [Info]	(9.225, +2)	 grid_update: update 0x40a0ab90 container lv_grid.c:189
[LVGL] [Info]	(9.227, +2)	 grid_update: update 0x40a0afd0 container lv_grid.c:189
[LVGL] [Info]	(9.229, +2)	 grid_update: update 0x40a0b410 container lv_grid.c:189
[LVGL] [Info]	(9.230, +1)	 flex_update: update 0x40a0a1a8 container lv_flex.c:128
[LVGL] [Info]	(9.233, +3)	 flex_update: update 0x40a0b860 container lv_flex.c:128
[LVGL] [Info]	(9.234, +1)	 flex_update: update 0x40a03998 container lv_flex.c:128
[LVGL] [Info]	(9.235, +1)	 flex_update: update 0x40a03358 container lv_flex.c:128
[LVGL] [Info]	(9.237, +2)	 flex_update: update 0x40a0bff0 container lv_flex.c:128
[LVGL] [Info]	(9.238, +1)	 flex_update: update 0x40a03210 container lv_flex.c:128
[LVGL] [Info]	(9.239, +1)	 grid_update: update 0x40a09ae0 container lv_grid.c:189
[LVGL] [Info]	(9.240, +1)	 grid_update: update 0x40a0a310 container lv_grid.c:189
[LVGL] [Info]	(9.241, +1)	 grid_update: update 0x40a0a750 container lv_grid.c:189
[LVGL] [Info]	(9.243, +2)	 grid_update: update 0x40a0ab90 container lv_grid.c:189
[LVGL] [Info]	(9.243, +0)	 grid_update: update 0x40a0afd0 container lv_grid.c:189
[LVGL] [Info]	(9.244, +1)	 grid_update: update 0x40a0b410 container lv_grid.c:189
[LVGL] [Info]	(9.245, +1)	 flex_update: update 0x40a0a1a8 container lv_flex.c:128
[LVGL] [Info]	(9.247, +2)	 flex_update: update 0x40a0b860 container lv_flex.c:128
[LVGL] [Info]	(9.247, +0)	 flex_update: update 0x40a03998 container lv_flex.c:128
[LVGL] [Info]	(9.248, +1)	 flex_update: update 0x40a0bff0 container lv_flex.c:128
[LVGL] [Info]	(9.249, +1)	 grid_update: update 0x40a0a310 container lv_grid.c:189
[LVGL] [Info]	(9.250, +1)	 grid_update: update 0x40a0a750 container lv_grid.c:189
[LVGL] [Info]	(9.251, +1)	 grid_update: update 0x40a0ab90 container lv_grid.c:189
[LVGL] [Info]	(9.251, +0)	 grid_update: update 0x40a0afd0 container lv_grid.c:189
[LVGL] [Info]	(9.252, +1)	 grid_update: update 0x40a0b410 container lv_grid.c:189
[qemu] qemu-system-arm: warning: no scancode found for keysym 1024
