===== 会话: REDMI Watch 5 eSIM =====
[qemu-cmd] /data/user/0/com.vela.simulator/files/qemu-prefix/usr/bin/qemu-system-arm -M virt -cpu cortex-a7 -smp 1 -m 512M -device virtio-gpu-device,xres=432,yres=514 -device virtio-tablet-device -nic none -device loader,file=/data/user/0/com.vela.simulator/files/images/nuttx.bin,addr=0x600000 -device loader,addr=0x006002e0,cpu-num=0 -drive file=/data/user/0/com.vela.simulator/files/images/data.img,if=none,format=raw,id=hd0,snapshot=on -device virtio-blk-device,drive=hd0 -display none -monitor none -serial tcp:127.0.0.1:46731,server -vnc 127.0.0.1:29735 -L /data/user/0/com.vela.simulator/files/qemu-prefix/usr/share/qemu
[qemu] qemu-system-arm: -serial tcp:127.0.0.1:46731,server: info: QEMU waiting for connection on: disconnected:tcp:127.0.0.1:46731,server=on
[serial] 已连接串口 tcp:46731
[vnc] 连接尝试 #1 失败: failed to connect to /127.0.0.1 (port 35635) from /127.0.0.1 (port 56014) after 2000ms: isConnected failed: ECONNREFUSED (Connection refused)（持续重试中，等待 QEMU VNC 端口就绪）
[vnc] 已连接 127.0.0.1:35635（第 1 轮，经 2 次尝试）
[vnc] 服务器初始尺寸 640x480（模板期望 432x514，guest 图形就绪后自动切换）
nx_start: Entry
uart_register: Registering /dev/console
uart_register: Registering /dev/ttyS1
work_start_highpri: Starting high-priority kernel worker thread(s)
nxtask_activate: hpwork pid=1,TCB=0x4021b628
lib_cxx_initialize: _sinit: 0x72fd9c _einit: 0x72fd9c
nx_start_application: Starting init thread
task_spawn: name=nsh_main entry=0x6139b8 file_actions=0 attr=0x4021afac argv=0x4021afa8
nxtask_activate: nsh_main pid=2,TCB=0x4021b710
nx_start: CPU0: Beginning Idle Loop
[vnc] guest 扫描输出就绪，画面尺寸 → 432x514
NuttShell (NSH)
[vela] 检测到 NSH，自动执行 2 条命令
[vela] 自动命令: mount -t vfat /dev/virtblk0 /data
nsh> [Kmount -t vfat /dev/virtblk0 /data
nxposix_spawn_exec: ERROR: exec failed: 2
nsh> [K
[vela] 自动命令: vapp hap://app/qa71f2ba2c1b
nsh> [Kvapp hap://app/qa71f2ba2c1b
nxtask_activate: vapp pid=3,TCB=0x40228788
[vapp] open runtime starting for qa71f2ba2c1b
[vapp] using unpacked package at /data/vapps/qa71f2ba2c1b/
[vapp] entry page: pages/index (/data/vapps/qa71f2ba2c1b/pages/index/index.js)
pthread_mutex_init: mutex=0x4040d3b0 attr=0x404014cc
pthread_mutex_timedlock: mutex=0x40200534
pthread_mutex_timedlock: Returning 0
pthread_mutex_unlock: mutex=0x40200534
pthread_mutex_unlock: Returning 0
pthread_mutex_timedlock: mutex=0x4040d940
pthread_mutex_timedlock: Returning 0
pthread_mutex_unlock: mutex=0x4040d940
pthread_mutex_unlock: Returning 0
pthread_cond_init: cond=0x40401988 attr=0
pthread_cond_init: Returning 0
pthread_mutex_init: mutex=0x4040196c attr=0
pthread_mutex_init: mutex=0x4040190c attr=0x404014cc
[vhost] init v228-marker
[BANDQQ] v21 app onCreate, protocol= object store= object api= object direct= object
[BANDQQ] v21 index onShow
[vapp] tree[1569 bytes] values:yes
[vrender] img /data/vapps/qa71f2ba2c1b/common/ui/more.png -> open OK
[vrender] decinfo A:/data/vapps/qa71f2ba2c1b/common/ui/more.png -> res=1 w=102 h=72
[vrender] img /data/vapps/qa71f2ba2c1b/common/ui/empty_icon.png -> open OK
[vrender] decinfo A:/data/vapps/qa71f2ba2c1b/common/ui/empty_icon.png -> res=1 w=100 h=100
[vapp] rendered 9 widget(s)
init connect error TypeError: cannot read property 'instance' of null
[BANDQQ] v9 api.send throw TypeError: cannot read property 'instance' of null
[BANDQQ] v9 api.send throw TypeError: cannot read property 'instance' of null
pull connect state failed TypeError: cannot read property 'instance' of null
pull visible contacts failed TypeError: cannot read property 'instance' of null
[index] applyConversations -> 0 conv
[BANDQQ] v9 api.send throw TypeError: cannot read property 'instance' of null
[vnc] 画面流结束: Socket closed
[qemu] 输出流结束: read interrupted by close() on another thread
[vela] QEMU 已退出（代码 0）
