===== 会话: REDMI Watch 5 eSIM =====
[vela] 固件指纹 nuttx.bin 3503680B sha256=c37518752ae35e55
[qemu-cmd] /data/user/0/com.vela.simulator/files/qemu-prefix/usr/bin/qemu-system-arm -M virt -cpu cortex-a7 -smp 1 -m 512M -device virtio-gpu-device,xres=432,yres=514 -device virtio-tablet-device -nic none -device loader,file=/data/user/0/com.vela.simulator/files/images/nuttx.bin,addr=0x600000 -device loader,addr=0x006002e0,cpu-num=0 -drive file=/data/user/0/com.vela.simulator/files/images/data.img,if=none,format=raw,id=hd0,snapshot=on -device virtio-blk-device,drive=hd0 -display none -monitor none -serial tcp:127.0.0.1:41603,server -vnc 127.0.0.1:27823 -L /data/user/0/com.vela.simulator/files/qemu-prefix/usr/share/qemu
[qemu] qemu-system-arm: -serial tcp:127.0.0.1:41603,server: info: QEMU waiting for connection on: disconnected:tcp:127.0.0.1:41603,server=on
[vnc] 连接尝试 #1 失败: failed to connect to /127.0.0.1 (port 33723) from /127.0.0.1 (port 33418) after 2000ms: isConnected failed: ECONNREFUSED (Connection refused)（持续重试中，等待 QEMU VNC 端口就绪）
[serial] 已连接串口 tcp:41603
[vnc] 已连接 127.0.0.1:33723（第 1 轮，经 2 次尝试）
[vnc] 服务器初始尺寸 640x480（模板期望 432x514，guest 图形就绪后自动切换）
nx_start: Entry
uart_register: Registering /dev/console
uart_register: Registering /dev/ttyS1
work_start_highpri: Starting high-priority kernel worker thread(s)
nxtask_activate: hpwork pid=1,TCB=0x4021c628
lib_cxx_initialize: _sinit: 0x733244 _einit: 0x733244
nx_start_application: Starting init thread
task_spawn: name=nsh_main entry=0x6164c8 file_actions=0 attr=0x4021bfac argv=0x4021bfa8
nxtask_activate: nsh_main pid=2,TCB=0x4021c710
nx_start: CPU0: Beginning Idle Loop
[vnc] guest 扫描输出就绪，画面尺寸 → 432x514
NuttShell (NSH)
[vela] 检测到 NSH，自动执行 2 条命令
[vela] 自动命令: mount -t vfat /dev/virtblk0 /data
nsh> [Kmount -t vfat /dev/virtblk0 /data
nxposix_spawn_exec: ERROR: exec failed: 2
nsh> [K
[vela] 自动命令: vapp hap://app/qa71f2ba2c1b
nsh> [Kvapp hap://app/qa71f2ba2c1b
nxtask_activate: vapp pid=3,TCB=0x402298b8
[vapp] open runtime starting for qa71f2ba2c1b
[vapp] using unpacked package at /data/vapps/qa71f2ba2c1b/
[vapp] entry page: pages/index (/data/vapps/qa71f2ba2c1b/pages/index/index.js)
pthread_mutex_init: mutex=0x404176a0 attr=0x4040c4cc
pthread_mutex_timedlock: mutex=0x40200544
pthread_mutex_timedlock: Returning 0
pthread_mutex_unlock: mutex=0x40200544
pthread_mutex_unlock: Returning 0
pthread_mutex_timedlock: mutex=0x40417c30
pthread_mutex_timedlock: Returning 0
pthread_mutex_unlock: mutex=0x40417c30
pthread_mutex_unlock: Returning 0
pthread_cond_init: cond=0x4040c988 attr=0
pthread_cond_init: Returning 0
pthread_mutex_init: mutex=0x4040c96c attr=0
pthread_mutex_init: mutex=0x4040c90c attr=0x4040c4cc
[vhost] init v228-marker
[BANDQQ] v21 app onCreate, protocol= object store= object api= object direct= object
[BANDQQ] v21 index onShow
[vapp] tree[1583 bytes] values:yes
[vrender] img /data/vapps/qa71f2ba2c1b/common/ui/more.png -> open OK
[vrender] decinfo A:/data/vapps/qa71f2ba2c1b/common/ui/more.png -> res=1 w=102 h=72
[vrender] ev attach e0
[vrender] img /data/vapps/qa71f2ba2c1b/common/ui/empty_icon.png -> open OK
[vrender] decinfo A:/data/vapps/qa71f2ba2c1b/common/ui/empty_icon.png -> res=1 w=100 h=100
[vapp] rendered 9 widget(s)
[vrender] node div cls="page" obj=0x4020c92c x=0 y=0 w=432 h=514
[vrender] node div cls="top-row" obj=0x4020c9f4 x=0 y=0 w=432 h=94
[vrender] node image cls="btn" obj=0x4020cac0 x=0 y=4 w=122 h=86
[vrender] node div cls="list-wrap" obj=0x4020cc78 x=0 y=94 w=432 h=348
[vrender] node scroll cls="list" obj=0x4020cce8 x=0 y=94 w=432 h=348
[vrender] node div cls="empty-wrap" obj=0x4020cdb0 x=0 y=94 w=432 h=348
[vrender] node image cls="empty-icon" obj=0x4020ce40 x=169 y=200 w=94 h=94
[vrender] node text cls="empty-text" obj=0x4020cf68 x=96 y=294 w=240 h=41
[vrender] node div cls="status-bar" obj=0x4020d07c x=0 y=442 w=432 h=72
[vrender] node text cls="status-text" obj=0x4020d100 x=180 y=464 w=72 h=27
init connect error TypeError: cannot read property 'instance' of null
[BANDQQ] v9 api.send throw TypeError: cannot read property 'instance' of null
[BANDQQ] v9 api.send throw TypeError: cannot read property 'instance' of null
pull connect state failed TypeError: cannot read property 'instance' of null
pull visible contacts failed TypeError: cannot read property 'instance' of null
[index] applyConversations -> 0 conv
[BANDQQ] v9 api.send throw TypeError: cannot read property 'instance' of null
[vnc] 画面流结束: Socket closed
[qemu] 输出流结束: read interrupted by close() on another thread
[vela] QEMU 已退出（代码 0）
