===== 会话: REDMI Watch 5 eSIM =====
[qemu-cmd] /data/user/0/com.vela.simulator/files/qemu-prefix/usr/bin/qemu-system-arm -M virt -cpu cortex-a7 -smp 1 -m 512M -device virtio-gpu-device -device virtio-tablet-device -nic none -kernel /data/user/0/com.vela.simulator/files/images/openvela-qemu-armv7a-full.elf -display none -monitor none -serial tcp:127.0.0.1:43827,server -vnc 127.0.0.1:35995 -L /data/user/0/com.vela.simulator/files/qemu-prefix/usr/share/qemu
[qemu] qemu-system-arm: -serial tcp:127.0.0.1:43827,server: info: QEMU waiting for connection on: disconnected:tcp:127.0.0.1:43827,server=on
[serial] 已连接串口 tcp:43827
fdt_cfi_register: cfi flash0 has beed used to store text:[0,4000000], flash:[600000,3600000]
lfs_dir_fetchmatch: Corrupted dir pair at {0x0, 0x1}
NuttShell (NSH)
[vela] 检测到 NSH，自动启动界面: lvgldemo
nsh> [Klvgldemo
[LVGL] [User]	(2.630, +2630)	 check_stack_size: tid: 5, Stack size : 32656 lv_nuttx_entry.c:295
[LVGL] [Info]	(2.732, +102)	 lv_obj_create: begin lv_obj.c:215
[LVGL] [Info]	(2.763, +31)	 lv_obj_create: begin lv_obj.c:215
[LVGL] [Info]	(2.769, +6)	 lv_obj_create: begin lv_obj.c:215
[LVGL] [Info]	(2.770, +1)	 lv_obj_create: begin lv_obj.c:215
[LVGL] [User]	(2.787, +17)	 lv_nuttx_fbdev_set_file: The framebuffer device was opened successfully lv_nuttx_fbdev.c:108
[LVGL] [User]	(2.794, +7)	 lv_nuttx_fbdev_set_file: VideoInfo: lv_nuttx_fbdev.c:116
[LVGL] [User]	(2.795, +1)	 lv_nuttx_fbdev_set_file:       fmt: 13 lv_nuttx_fbdev.c:117
[LVGL] [User]	(2.801, +6)	 lv_nuttx_fbdev_set_file:      xres: 1280 lv_nuttx_fbdev.c:118
[LVGL] [User]	(2.804, +3)	 lv_nuttx_fbdev_set_file:      yres: 800 lv_nuttx_fbdev.c:119
[LVGL] [User]	(2.806, +2)	 lv_nuttx_fbdev_set_file:   nplanes: 1 lv_nuttx_fbdev.c:120
[LVGL] [User]	(2.808, +2)	 fbdev_get_pinfo: PlaneInfo (plane 0): lv_nuttx_fbdev.c:319
[LVGL] [User]	(2.810, +2)	 fbdev_get_pinfo:     mem: 0x40229010 lv_nuttx_fbdev.c:320
[LVGL] [User]	(2.812, +2)	 fbdev_get_pinfo:     fblen: 8192000 lv_nuttx_fbdev.c:321
[LVGL] [User]	(2.813, +1)	 fbdev_get_pinfo:    stride: 5120 lv_nuttx_fbdev.c:322
[LVGL] [User]	(2.816, +3)	 fbdev_get_pinfo:   display: 0 lv_nuttx_fbdev.c:323
[LVGL] [User]	(2.819, +3)	 fbdev_get_pinfo:       bpp: 32 lv_nuttx_fbdev.c:324
[LVGL] [User]	(2.823, +4)	 fbdev_get_pinfo: PlaneInfo (plane 0): lv_nuttx_fbdev.c:319
[LVGL] [User]	(2.825, +2)	 fbdev_get_pinfo:     mem: 0x40229010 lv_nuttx_fbdev.c:320
[LVGL] [User]	(2.826, +1)	 fbdev_get_pinfo:     fblen: 8192000 lv_nuttx_fbdev.c:321
[LVGL] [User]	(2.828, +2)	 fbdev_get_pinfo:    stride: 5120 lv_nuttx_fbdev.c:322
[LVGL] [User]	(2.829, +1)	 fbdev_get_pinfo:   display: 0 lv_nuttx_fbdev.c:323
[LVGL] [User]	(2.830, +1)	 fbdev_get_pinfo:       bpp: 32 lv_nuttx_fbdev.c:324
[LVGL] [User]	(2.832, +2)	 fbdev_init_mem2: Use consecutive mem2 = 0x40611010, yoffset = 800 lv_nuttx_fbdev.c:370
[LVGL] [User]	(2.839, +7)	 lv_nuttx_fbdev_set_file: Resolution is set to 1280x800 at 130dpi lv_nuttx_fbdev.c:174
[LVGL] [User]	(2.843, +4)	 lv_nuttx_touchscreen_create: touchscreen /dev/input0 opening lv_nuttx_touchscreen.c:68
[LVGL] [User]	(2.845, +2)	 lv_nuttx_touchscreen_create: touchscreen /dev/input0 open success lv_nuttx_touchscreen.c:75
[LVGL] [User]	(2.849, +4)	 lv_nuttx_touchscreen_create: touchscreen /dev/utouch opening lv_nuttx_touchscreen.c:68
[LVGL] [User]	(2.853, +4)	 lv_nuttx_touchscreen_create: touchscreen /dev/utouch open success lv_nuttx_touchscreen.c:75
[LVGL] [Info]	(2.860, +7)	 lv_tabview_create: begin lv_tabview.c:63
[LVGL] [Info]	(2.868, +8)	 lv_obj_create: begin lv_obj.c:215
[LVGL] [Info]	(2.871, +3)	 lv_obj_create: begin lv_obj.c:215
[LVGL] [Info]	(2.878, +7)	 lv_obj_create: begin lv_obj.c:215
[LVGL] [Info]	(2.881, +3)	 lv_button_create: begin lv_button.c:51
[LVGL] [Info]	(2.890, +9)	 lv_label_create: begin lv_label.c:125
[LVGL] [Info]	(2.908, +18)	 flex_update: update 0x40a032c8 container lv_flex.c:128
[LVGL] [Info]	(2.913, +5)	 flex_update: update 0x40a03358 container lv_flex.c:128
[LVGL] [Info]	(2.918, +5)	 flex_update: update 0x40a03210 container lv_flex.c:128
[LVGL] [Info]	(2.921, +3)	 flex_update: update 0x40a032c8 container lv_flex.c:128
[LVGL] [Info]	(2.922, +1)	 flex_update: update 0x40a03358 container lv_flex.c:128
[LVGL] [Info]	(2.923, +1)	 flex_update: update 0x40a03210 container lv_flex.c:128
[LVGL] [Info]	(2.924, +1)	 flex_update: update 0x40a032c8 container lv_flex.c:128
[LVGL] [Info]	(2.925, +1)	 flex_update: update 0x40a03358 container lv_flex.c:128
[LVGL] [Info]	(2.925, +0)	 lv_obj_create: begin lv_obj.c:215
[LVGL] [Info]	(2.926, +1)	 lv_button_create: begin lv_button.c:51
[LVGL] [Info]	(2.927, +1)	 lv_label_create: begin lv_label.c:125
[LVGL] [Info]	(2.928, +1)	 lv_obj_create: begin lv_obj.c:215
[LVGL] [Info]	(2.929, +1)	 lv_button_create: begin lv_button.c:51
[LVGL] [Info]	(2.930, +1)	 lv_label_create: begin lv_label.c:125
[LVGL] [Info]	(2.932, +2)	 lv_image_create: begin lv_image.c:138
[LVGL] [Info]	(2.935, +3)	 lv_label_create: begin lv_label.c:125
[LVGL] [Info]	(2.939, +4)	 flex_update: update 0x40a032c8 container lv_flex.c:128
[LVGL] [Info]	(2.940, +1)	 flex_update: update 0x40a03358 container lv_flex.c:128
[LVGL] [Info]	(2.942, +2)	 flex_update: update 0x40a03210 container lv_flex.c:128
[LVGL] [Info]	(2.943, +1)	 flex_update: update 0x40a032c8 container lv_flex.c:128
[LVGL] [Info]	(2.945, +2)	 lv_label_create: begin lv_label.c:125
[LVGL] [Info]	(2.947, +2)	 flex_update: update 0x40a032c8 container lv_flex.c:128
[LVGL] [Info]	(2.948, +1)	 lv_obj_create: begin lv_obj.c:215
[LVGL] [Info]	(2.949, +1)	 lv_image_create: begin lv_image.c:138
[LVGL] [Info]	(2.950, +1)	 lv_label_create: begin lv_label.c:125
[LVGL] [Info]	(2.951, +1)	 lv_label_create: begin lv_label.c:125
[LVGL] [Info]	(2.953, +2)	 lv_label_create: begin lv_label.c:125
[LVGL] [Info]	(2.957, +4)	 lv_label_create: begin lv_label.c:125
[LVGL] [Info]	(2.958, +1)	 lv_label_create: begin lv_label.c:125
[LVGL] [Info]	(2.960, +2)	 lv_label_create: begin lv_label.c:125
[LVGL] [Info]	(2.960, +0)	 lv_button_create: begin lv_button.c:51
[LVGL] [Info]	(2.962, +2)	 lv_label_create: begin lv_label.c:125
[LVGL] [Info]	(2.964, +2)	 lv_button_create: begin lv_button.c:51
[LVGL] [Info]	(2.969, +5)	 lv_label_create: begin lv_label.c:125
[LVGL] [Info]	(2.970, +1)	 lv_keyboard_create: begin lv_keyboard.c:218
[LVGL] [Info]	(2.974, +4)	 lv_obj_create: begin lv_obj.c:215
[LVGL] [Info]	(2.975, +1)	 lv_label_create: begin lv_label.c:125
[LVGL] [Info]	(2.976, +1)	 lv_label_create: begin lv_label.c:125
[LVGL] [Info]	(2.977, +1)	 lv_textarea_create: begin lv_textarea.c:187
[LVGL] [Info]	(2.979, +2)	 lv_label_create: begin lv_label.c:125
[LVGL] [Info]	(2.981, +2)	 flex_update: update 0x40a032c8 container lv_flex.c:128
[LVGL] [Info]	(2.996, +15)	 lv_label_create: begin lv_label.c:125
[LVGL] [Info]	(2.997, +1)	 lv_textarea_create: begin lv_textarea.c:187
[LVGL] [Info]	(2.998, +1)	 lv_label_create: begin lv_label.c:125
[LVGL] [Info]	(3.003, +5)	 lv_label_create: begin lv_label.c:125
[LVGL] [Info]	(3.005, +2)	 lv_dropdown_create: begin lv_dropdown.c:158
[LVGL] [Info]	(3.006, +1)	 lv_dropdown_list_create: begin lv_dropdown.c:640
[LVGL] [Info]	(3.007, +1)	 lv_label_create: begin lv_label.c:125
[LVGL] [Info]	(3.009, +2)	 lv_label_create: begin lv_label.c:125
[LVGL] [Info]	(3.010, +1)	 lv_textarea_create: begin lv_textarea.c:187
[LVGL] [Info]	(3.011, +1)	 lv_label_create: begin lv_label.c:125
[LVGL] [Info]	(3.017, +6)	 lv_obj_create: begin lv_obj.c:215
[LVGL] [Info]	(3.017, +0)	 lv_label_create: begin lv_label.c:125
[LVGL] [Info]	(3.018, +1)	 lv_label_create: begin lv_label.c:125
[LVGL] [Info]	(3.023, +5)	 lv_slider_create: begin lv_slider.c:72
[LVGL] [Info]	(3.025, +2)	 lv_label_create: begin lv_label.c:125
[LVGL] [Info]	(3.027, +2)	 lv_switch_create: begin lv_switch.c:77
[LVGL] [Info]	(3.028, +1)	 lv_label_create: begin lv_label.c:125
[LVGL] [Info]	(3.029, +1)	 lv_switch_create: begin lv_switch.c:77
[LVGL] [Info]	(3.044, +15)	 lv_obj_create: begin lv_obj.c:215
[LVGL] [Info]	(3.046, +2)	 lv_label_create: begin lv_label.c:125
[LVGL] [Info]	(3.048, +2)	 lv_scale_create: begin lv_scale.c:94
[LVGL] [Info]	(3.052, +4)	 lv_obj_create: begin lv_obj.c:215
[LVGL] [Info]	(3.053, +1)	 lv_chart_create: begin lv_chart.c:73
[LVGL] [Info]	(3.055, +2)	 lv_scale_create: begin lv_scale.c:94
[LVGL] [Info]	(3.057, +2)	 lv_chart_add_series: begin lv_chart.c:286
[LVGL] [Info]	(3.060, +3)	 lv_obj_create: begin lv_obj.c:215
[LVGL] [Info]	(3.061, +1)	 lv_label_create: begin lv_label.c:125
[LVGL] [Info]	(3.062, +1)	 lv_scale_create: begin lv_scale.c:94
[LVGL] [Info]	(3.064, +2)	 lv_obj_create: begin lv_obj.c:215
[LVGL] [Info]	(3.065, +1)	 lv_chart_create: begin lv_chart.c:73
[LVGL] [Info]	(3.065, +0)	 lv_scale_create: begin lv_scale.c:94
[LVGL] [Info]	(3.067, +2)	 lv_chart_add_series: begin lv_chart.c:286
[LVGL] [Info]	(3.067, +0)	 lv_chart_add_series: begin lv_chart.c:286
[LVGL] [Info]	(3.072, +5)	 grid_update: update 0x40a03e70 container lv_grid.c:189
[LVGL] [Info]	(3.078, +6)	 grid_update: update 0x40a048a8 container lv_grid.c:189
[LVGL] [Info]	(3.083, +5)	 grid_update: update 0x40a05b00 container lv_grid.c:189
[LVGL] [Info]	(3.084, +1)	 grid_update: update 0x40a03498 container lv_grid.c:189
[LVGL] [Info]	(3.087, +3)	 grid_update: update 0x40a06ac0 container lv_grid.c:189
[LVGL] [Info]	(3.090, +3)	 grid_update: update 0x40a067e0 container lv_grid.c:189
[LVGL] [Info]	(3.093, +3)	 grid_update: update 0x40a07110 container lv_grid.c:189
[LVGL] [Info]	(3.095, +2)	 grid_update: update 0x40a06e30 container lv_grid.c:189
[LVGL] [Info]	(3.098, +3)	 flex_update: update 0x40a03740 container lv_flex.c:128
[LVGL] [Info]	(3.100, +2)	 flex_update: update 0x40a03358 container lv_flex.c:128
[LVGL] [Info]	(3.103, +3)	 grid_update: update 0x40a03e70 container lv_grid.c:189
[LVGL] [Info]	(3.107, +4)	 grid_update: update 0x40a048a8 container lv_grid.c:189
[LVGL] [Info]	(3.110, +3)	 grid_update: update 0x40a05b00 container lv_grid.c:189
[LVGL] [Info]	(3.111, +1)	 grid_update: update 0x40a03498 container lv_grid.c:189
[LVGL] [Info]	(3.112, +1)	 grid_update: update 0x40a06ac0 container lv_grid.c:189
[LVGL] [Info]	(3.113, +1)	 grid_update: update 0x40a067e0 container lv_grid.c:189
[LVGL] [Info]	(3.114, +1)	 grid_update: update 0x40a07110 container lv_grid.c:189
[LVGL] [Info]	(3.115, +1)	 grid_update: update 0x40a06e30 container lv_grid.c:189
[LVGL] [Info]	(3.116, +1)	 flex_update: update 0x40a03740 container lv_flex.c:128
[LVGL] [Info]	(3.118, +2)	 grid_update: update 0x40a03e70 container lv_grid.c:189
[LVGL] [Info]	(3.123, +5)	 grid_update: update 0x40a048a8 container lv_grid.c:189
[LVGL] [Info]	(3.124, +1)	 grid_update: update 0x40a03498 container lv_grid.c:189
[LVGL] [Info]	(3.125, +1)	 grid_update: update 0x40a06ac0 container lv_grid.c:189
[LVGL] [Info]	(3.126, +1)	 grid_update: update 0x40a067e0 container lv_grid.c:189
[LVGL] [Info]	(3.127, +1)	 grid_update: update 0x40a07110 container lv_grid.c:189
[LVGL] [Info]	(3.128, +1)	 grid_update: update 0x40a06e30 container lv_grid.c:189
[LVGL] [Info]	(3.129, +1)	 grid_update: update 0x40a03e70 container lv_grid.c:189
[LVGL] [Info]	(3.131, +2)	 lv_obj_create: begin lv_obj.c:215
[LVGL] [Info]	(3.133, +2)	 lv_label_create: begin lv_label.c:125
[LVGL] [Info]	(3.134, +1)	 lv_scale_create: begin lv_scale.c:94
[LVGL] [Info]	(3.136, +2)	 lv_obj_create: begin lv_obj.c:215
[LVGL] [Info]	(3.139, +3)	 lv_label_create: begin lv_label.c:125
[LVGL] [Info]	(3.140, +1)	 lv_obj_create: begin lv_obj.c:215
[LVGL] [Info]	(3.141, +1)	 lv_label_create: begin lv_label.c:125
[LVGL] [Info]	(3.142, +1)	 lv_obj_create: begin lv_obj.c:215
[LVGL] [Info]	(3.142, +0)	 lv_label_create: begin lv_label.c:125
[LVGL] [Info]	(3.146, +4)	 lv_obj_create: begin lv_obj.c:215
[LVGL] [Info]	(3.147, +1)	 lv_label_create: begin lv_label.c:125
[LVGL] [Info]	(3.148, +1)	 lv_scale_create: begin lv_scale.c:94
[LVGL] [Info]	(3.152, +4)	 lv_obj_create: begin lv_obj.c:215
[LVGL] [Info]	(3.153, +1)	 lv_label_create: begin lv_label.c:125
[LVGL] [Info]	(3.154, +1)	 lv_obj_create: begin lv_obj.c:215
[LVGL] [Info]	(3.161, +7)	 lv_label_create: begin lv_label.c:125
[LVGL] [Info]	(3.162, +1)	 lv_obj_create: begin lv_obj.c:215
[LVGL] [Info]	(3.163, +1)	 lv_label_create: begin lv_label.c:125
[LVGL] [Info]	(3.167, +4)	 lv_obj_create: begin lv_obj.c:215
[LVGL] [Info]	(3.168, +1)	 lv_label_create: begin lv_label.c:125
[LVGL] [Info]	(3.173, +5)	 lv_scale_create: begin lv_scale.c:94
[LVGL] [Info]	(3.175, +2)	 lv_obj_create: begin lv_obj.c:215
[LVGL] [Info]	(3.176, +1)	 lv_label_create: begin lv_label.c:125
[LVGL] [Info]	(3.182, +6)	 lv_obj_create: begin lv_obj.c:215
[LVGL] [Info]	(3.183, +1)	 lv_label_create: begin lv_label.c:125
[LVGL] [Info]	(3.186, +3)	 lv_obj_create: begin lv_obj.c:215
[LVGL] [Info]	(3.191, +5)	 lv_label_create: begin lv_label.c:125
[LVGL] [Info]	(3.199, +8)	 grid_update: update 0x40a07110 container lv_grid.c:189
[LVGL] [Info]	(3.205, +6)	 grid_update: update 0x40a07508 container lv_grid.c:189
[LVGL] [Info]	(3.210, +5)	 grid_update: update 0x40a07cb0 container lv_grid.c:189
[LVGL] [Info]	(3.217, +7)	 grid_update: update 0x40a08458 container lv_grid.c:189
[LVGL] [Info]	(3.219, +2)	 flex_update: update 0x40a03740 container lv_flex.c:128
[LVGL] [Info]	(3.223, +4)	 grid_update: update 0x40a07508 container lv_grid.c:189
[LVGL] [Info]	(3.227, +4)	 grid_update: update 0x40a07cb0 container lv_grid.c:189
[LVGL] [Info]	(3.230, +3)	 grid_update: update 0x40a08458 container lv_grid.c:189
[LVGL] [Info]	(3.235, +5)	 flex_update: update 0x40a03740 container lv_flex.c:128
[LVGL] [Info]	(3.238, +3)	 grid_update: update 0x40a07508 container lv_grid.c:189
[LVGL] [Info]	(3.244, +6)	 grid_update: update 0x40a07cb0 container lv_grid.c:189
[LVGL] [Info]	(3.248, +4)	 grid_update: update 0x40a08458 container lv_grid.c:189
[LVGL] [Info]	(3.251, +3)	 flex_update: update 0x40a03740 container lv_flex.c:128
[LVGL] [Info]	(3.253, +2)	 grid_update: update 0x40a07508 container lv_grid.c:189
[LVGL] [Info]	(3.254, +1)	 grid_update: update 0x40a07cb0 container lv_grid.c:189
[LVGL] [Info]	(3.255, +1)	 grid_update: update 0x40a08458 container lv_grid.c:189
[LVGL] [Info]	(3.257, +2)	 lv_arc_create: begin lv_arc.c:76
[LVGL] [Info]	(3.263, +6)	 lv_arc_create: begin lv_arc.c:76
[LVGL] [Info]	(3.270, +7)	 lv_arc_create: begin lv_arc.c:76
[LVGL] [Info]	(3.273, +3)	 lv_arc_create: begin lv_arc.c:76
[LVGL] [Info]	(3.277, +4)	 lv_arc_create: begin lv_arc.c:76
[LVGL] [Info]	(3.281, +4)	 lv_arc_create: begin lv_arc.c:76
[LVGL] [Info]	(3.285, +4)	 lv_image_create: begin lv_image.c:138
[LVGL] [Info]	(3.287, +2)	 grid_update: update 0x40a07508 container lv_grid.c:189
[LVGL] [Info]	(3.289, +2)	 grid_update: update 0x40a07cb0 container lv_grid.c:189
[LVGL] [Info]	(3.291, +2)	 grid_update: update 0x40a08458 container lv_grid.c:189
[LVGL] [Info]	(3.293, +2)	 flex_update: update 0x40a03740 container lv_flex.c:128
[LVGL] [Info]	(3.295, +2)	 grid_update: update 0x40a07508 container lv_grid.c:189
[LVGL] [Info]	(3.297, +2)	 grid_update: update 0x40a07cb0 container lv_grid.c:189
[LVGL] [Info]	(3.299, +2)	 grid_update: update 0x40a08458 container lv_grid.c:189
[LVGL] [Info]	(3.302, +3)	 lv_label_create: begin lv_label.c:125
[LVGL] [Info]	(3.303, +1)	 lv_label_create: begin lv_label.c:125
[LVGL] [Info]	(3.312, +9)	 lv_obj_create: begin lv_obj.c:215
[LVGL] [Info]	(3.314, +2)	 lv_label_create: begin lv_label.c:125
[LVGL] [Info]	(3.315, +1)	 lv_label_create: begin lv_label.c:125
[LVGL] [Info]	(3.316, +1)	 lv_label_create: begin lv_label.c:125
[LVGL] [Info]	(3.318, +2)	 lv_label_create: begin lv_label.c:125
[LVGL] [Info]	(3.319, +1)	 lv_chart_create: begin lv_chart.c:73
[LVGL] [Info]	(3.320, +1)	 lv_chart_add_series: begin lv_chart.c:286
[LVGL] [Info]	(3.325, +5)	 lv_obj_create: begin lv_obj.c:215
[LVGL] [Info]	(3.327, +2)	 lv_label_create: begin lv_label.c:125
[LVGL] [Info]	(3.328, +1)	 lv_obj_create: begin lv_obj.c:215
[LVGL] [Info]	(3.329, +1)	 lv_image_create: begin lv_image.c:138
[LVGL] [Info]	(3.331, +2)	 lv_label_create: begin lv_label.c:125
[LVGL] [Info]	(3.332, +1)	 lv_label_create: begin lv_label.c:125
[LVGL] [Info]	(3.335, +3)	 lv_label_create: begin lv_label.c:125
[LVGL] [Info]	(3.339, +4)	 lv_obj_create: begin lv_obj.c:215
[LVGL] [Info]	(3.341, +2)	 lv_image_create: begin lv_image.c:138
[LVGL] [Info]	(3.342, +1)	 lv_label_create: begin lv_label.c:125
[LVGL] [Info]	(3.346, +4)	 lv_label_create: begin lv_label.c:125
[LVGL] [Info]	(3.347, +1)	 lv_label_create: begin lv_label.c:125
[LVGL] [Info]	(3.349, +2)	 lv_obj_create: begin lv_obj.c:215
[LVGL] [Info]	(3.349, +0)	 lv_image_create: begin lv_image.c:138
[LVGL] [Info]	(3.353, +4)	 lv_label_create: begin lv_label.c:125
[LVGL] [Info]	(3.355, +2)	 lv_label_create: begin lv_label.c:125
[LVGL] [Info]	(3.357, +2)	 lv_label_create: begin lv_label.c:125
[LVGL] [Info]	(3.359, +2)	 lv_obj_create: begin lv_obj.c:215
[LVGL] [Info]	(3.362, +3)	 lv_image_create: begin lv_image.c:138
[LVGL] [Info]	(3.363, +1)	 lv_label_create: begin lv_label.c:125
[LVGL] [Info]	(3.365, +2)	 lv_label_create: begin lv_label.c:125
[LVGL] [Info]	(3.368, +3)	 lv_label_create: begin lv_label.c:125
[LVGL] [Info]	(3.370, +2)	 lv_obj_create: begin lv_obj.c:215
[LVGL] [Info]	(3.374, +4)	 lv_image_create: begin lv_image.c:138
[LVGL] [Info]	(3.376, +2)	 lv_label_create: begin lv_label.c:125
[LVGL] [Info]	(3.378, +2)	 lv_label_create: begin lv_label.c:125
[LVGL] [Info]	(3.380, +2)	 lv_label_create: begin lv_label.c:125
[LVGL] [Info]	(3.383, +3)	 lv_obj_create: begin lv_obj.c:215
[LVGL] [Info]	(3.384, +1)	 lv_label_create: begin lv_label.c:125
[LVGL] [Info]	(3.386, +2)	 lv_checkbox_create: begin lv_checkbox.c:62
[LVGL] [Info]	(3.388, +2)	 lv_checkbox_create: begin lv_checkbox.c:62
[LVGL] [Info]	(3.389, +1)	 lv_checkbox_create: begin lv_checkbox.c:62
[LVGL] [Info]	(3.390, +1)	 lv_checkbox_create: begin lv_checkbox.c:62
[LVGL] [Info]	(3.391, +1)	 lv_checkbox_create: begin lv_checkbox.c:62
[LVGL] [Info]	(3.392, +1)	 lv_checkbox_create: begin lv_checkbox.c:62
[LVGL] [Info]	(3.393, +1)	 lv_obj_create: begin lv_obj.c:215
[LVGL] [Info]	(3.395, +2)	 lv_button_create: begin lv_button.c:51
[LVGL] [Info]	(3.397, +2)	 lv_button_create: begin lv_button.c:51
[LVGL] [Info]	(3.398, +1)	 lv_button_create: begin lv_button.c:51
[LVGL] [Info]	(3.399, +1)	 lv_button_create: begin lv_button.c:51
[LVGL] [Info]	(3.402, +3)	 lv_button_create: begin lv_button.c:51
[LVGL] [Info]	(3.403, +1)	 lv_button_create: begin lv_button.c:51
[LVGL] [Info]	(3.404, +1)	 lv_button_create: begin lv_button.c:51
[LVGL] [Info]	(3.406, +2)	 lv_button_create: begin lv_button.c:51
[LVGL] [Info]	(3.416, +10)	 grid_update: update 0x40a09ae0 container lv_grid.c:189
[LVGL] [Info]	(3.419, +3)	 grid_update: update 0x40a0a310 container lv_grid.c:189
[LVGL] [Info]	(3.422, +3)	 grid_update: update 0x40a0a750 container lv_grid.c:189
[LVGL] [Info]	(3.424, +2)	 grid_update: update 0x40a0ab90 container lv_grid.c:189
[LVGL] [Info]	(3.427, +3)	 grid_update: update 0x40a0afd0 container lv_grid.c:189
[LVGL] [Info]	(3.429, +2)	 grid_update: update 0x40a0b410 container lv_grid.c:189
[LVGL] [Info]	(3.430, +1)	 flex_update: update 0x40a0a1a8 container lv_flex.c:128
[LVGL] [Info]	(3.434, +4)	 flex_update: update 0x40a0b860 container lv_flex.c:128
[LVGL] [Info]	(3.435, +1)	 flex_update: update 0x40a03998 container lv_flex.c:128
[LVGL] [Info]	(3.436, +1)	 flex_update: update 0x40a03358 container lv_flex.c:128
[LVGL] [Info]	(3.438, +2)	 flex_update: update 0x40a0bff0 container lv_flex.c:128
[LVGL] [Info]	(3.440, +2)	 flex_update: update 0x40a03210 container lv_flex.c:128
[LVGL] [Info]	(3.441, +1)	 grid_update: update 0x40a09ae0 container lv_grid.c:189
[LVGL] [Info]	(3.443, +2)	 grid_update: update 0x40a0a310 container lv_grid.c:189
[LVGL] [Info]	(3.444, +1)	 grid_update: update 0x40a0a750 container lv_grid.c:189
[LVGL] [Info]	(3.446, +2)	 grid_update: update 0x40a0ab90 container lv_grid.c:189
[LVGL] [Info]	(3.447, +1)	 grid_update: update 0x40a0afd0 container lv_grid.c:189
[LVGL] [Info]	(3.448, +1)	 grid_update: update 0x40a0b410 container lv_grid.c:189
[LVGL] [Info]	(3.449, +1)	 flex_update: update 0x40a0a1a8 container lv_flex.c:128
[LVGL] [Info]	(3.451, +2)	 flex_update: update 0x40a0b860 container lv_flex.c:128
[LVGL] [Info]	(3.453, +2)	 flex_update: update 0x40a03998 container lv_flex.c:128
[LVGL] [Info]	(3.453, +0)	 flex_update: update 0x40a0bff0 container lv_flex.c:128
[LVGL] [Info]	(3.455, +2)	 grid_update: update 0x40a0a310 container lv_grid.c:189
[LVGL] [Info]	(3.456, +1)	 grid_update: update 0x40a0a750 container lv_grid.c:189
[LVGL] [Info]	(3.457, +1)	 grid_update: update 0x40a0ab90 container lv_grid.c:189
[LVGL] [Info]	(3.458, +1)	 grid_update: update 0x40a0afd0 container lv_grid.c:189
[LVGL] [Info]	(3.459, +1)	 grid_update: update 0x40a0b410 container lv_grid.c:189
[qemu] 输出流结束: read interrupted by close() on another thread
[vela] QEMU 已退出（代码 0）
