===== 会话: REDMI Watch 6 =====
[qemu-cmd] /data/user/0/com.vela.simulator/files/qemu-prefix/usr/bin/qemu-system-arm -M virt -cpu cortex-a7 -smp 1 -m 512M -device virtio-gpu-device,xres=432,yres=514 -device virtio-tablet-device -nic none -kernel /data/user/0/com.vela.simulator/files/images/openvela-qemu-armv7a-full.elf -display none -monitor none -serial tcp:127.0.0.1:37055,server -vnc 127.0.0.1:36091 -L /data/user/0/com.vela.simulator/files/qemu-prefix/usr/share/qemu
[qemu] qemu-system-arm: -serial tcp:127.0.0.1:37055,server: info: QEMU waiting for connection on: disconnected:tcp:127.0.0.1:37055,server=on
[serial] 已连接串口 tcp:37055
fdt_cfi_register: cfi flash0 has beed used to store text:[0,4000000], flash:[600000,3600000]
lfs_dir_fetchmatch: Corrupted dir pair at {0x0, 0x1}
NuttShell (NSH)
[vela] 检测到 NSH，自动启动界面: lvgldemo
nsh> [Klvgldemo
[LVGL] [User]	(2.163, +2163)	 check_stack_size: tid: 5, Stack size : 32656 lv_nuttx_entry.c:295
[LVGL] [Info]	(2.218, +55)	 lv_obj_create: begin lv_obj.c:215
[LVGL] [Info]	(2.247, +29)	 lv_obj_create: begin lv_obj.c:215
[LVGL] [Info]	(2.260, +13)	 lv_obj_create: begin lv_obj.c:215
[LVGL] [Info]	(2.261, +1)	 lv_obj_create: begin lv_obj.c:215
[LVGL] [User]	(2.271, +10)	 lv_nuttx_fbdev_set_file: The framebuffer device was opened successfully lv_nuttx_fbdev.c:108
[LVGL] [User]	(2.283, +12)	 lv_nuttx_fbdev_set_file: VideoInfo: lv_nuttx_fbdev.c:116
[LVGL] [User]	(2.284, +1)	 lv_nuttx_fbdev_set_file:       fmt: 13 lv_nuttx_fbdev.c:117
[LVGL] [User]	(2.284, +0)	 lv_nuttx_fbdev_set_file:      xres: 432 lv_nuttx_fbdev.c:118
[LVGL] [User]	(2.285, +1)	 lv_nuttx_fbdev_set_file:      yres: 514 lv_nuttx_fbdev.c:119
[LVGL] [User]	(2.285, +0)	 lv_nuttx_fbdev_set_file:   nplanes: 1 lv_nuttx_fbdev.c:120
[LVGL] [User]	(2.286, +1)	 fbdev_get_pinfo: PlaneInfo (plane 0): lv_nuttx_fbdev.c:319
[LVGL] [User]	(2.288, +2)	 fbdev_get_pinfo:     mem: 0x40229010 lv_nuttx_fbdev.c:320
[LVGL] [User]	(2.289, +1)	 fbdev_get_pinfo:     fblen: 1776384 lv_nuttx_fbdev.c:321
[LVGL] [User]	(2.290, +1)	 fbdev_get_pinfo:    stride: 1728 lv_nuttx_fbdev.c:322
[LVGL] [User]	(2.292, +2)	 fbdev_get_pinfo:   display: 0 lv_nuttx_fbdev.c:323
[LVGL] [User]	(2.293, +1)	 fbdev_get_pinfo:       bpp: 32 lv_nuttx_fbdev.c:324
[LVGL] [User]	(2.296, +3)	 fbdev_get_pinfo: PlaneInfo (plane 0): lv_nuttx_fbdev.c:319
[LVGL] [User]	(2.296, +0)	 fbdev_get_pinfo:     mem: 0x40229010 lv_nuttx_fbdev.c:320
[LVGL] [User]	(2.298, +2)	 fbdev_get_pinfo:     fblen: 1776384 lv_nuttx_fbdev.c:321
[LVGL] [User]	(2.298, +0)	 fbdev_get_pinfo:    stride: 1728 lv_nuttx_fbdev.c:322
[LVGL] [User]	(2.299, +1)	 fbdev_get_pinfo:   display: 0 lv_nuttx_fbdev.c:323
[LVGL] [User]	(2.300, +1)	 fbdev_get_pinfo:       bpp: 32 lv_nuttx_fbdev.c:324
[LVGL] [User]	(2.300, +0)	 fbdev_init_mem2: Use consecutive mem2 = 0x40301d90, yoffset = 514 lv_nuttx_fbdev.c:370
[LVGL] [User]	(2.304, +4)	 lv_nuttx_fbdev_set_file: Resolution is set to 432x514 at 130dpi lv_nuttx_fbdev.c:174
[LVGL] [User]	(2.307, +3)	 lv_nuttx_touchscreen_create: touchscreen /dev/input0 opening lv_nuttx_touchscreen.c:68
[LVGL] [User]	(2.308, +1)	 lv_nuttx_touchscreen_create: touchscreen /dev/input0 open success lv_nuttx_touchscreen.c:75
[LVGL] [User]	(2.309, +1)	 lv_nuttx_touchscreen_create: touchscreen /dev/utouch opening lv_nuttx_touchscreen.c:68
[LVGL] [User]	(2.309, +0)	 lv_nuttx_touchscreen_create: touchscreen /dev/utouch open success lv_nuttx_touchscreen.c:75
[LVGL] [Info]	(2.315, +6)	 lv_tabview_create: begin lv_tabview.c:63
[LVGL] [Info]	(2.321, +6)	 lv_obj_create: begin lv_obj.c:215
[LVGL] [Info]	(2.334, +13)	 lv_obj_create: begin lv_obj.c:215
[LVGL] [Info]	(2.337, +3)	 lv_obj_create: begin lv_obj.c:215
[LVGL] [Info]	(2.338, +1)	 lv_button_create: begin lv_button.c:51
[LVGL] [Info]	(2.341, +3)	 lv_label_create: begin lv_label.c:125
[LVGL] [Info]	(2.353, +12)	 flex_update: update 0x403e4dc8 container lv_flex.c:128
[LVGL] [Info]	(2.356, +3)	 flex_update: update 0x403e4e58 container lv_flex.c:128
[LVGL] [Info]	(2.361, +5)	 flex_update: update 0x403e4d10 container lv_flex.c:128
[LVGL] [Info]	(2.363, +2)	 flex_update: update 0x403e4dc8 container lv_flex.c:128
[LVGL] [Info]	(2.364, +1)	 flex_update: update 0x403e4e58 container lv_flex.c:128
[LVGL] [Info]	(2.365, +1)	 flex_update: update 0x403e4d10 container lv_flex.c:128
[LVGL] [Info]	(2.365, +0)	 flex_update: update 0x403e4dc8 container lv_flex.c:128
[LVGL] [Info]	(2.366, +1)	 flex_update: update 0x403e4e58 container lv_flex.c:128
[LVGL] [Info]	(2.367, +1)	 lv_obj_create: begin lv_obj.c:215
[LVGL] [Info]	(2.367, +0)	 lv_button_create: begin lv_button.c:51
[LVGL] [Info]	(2.368, +1)	 lv_label_create: begin lv_label.c:125
[LVGL] [Info]	(2.369, +1)	 lv_obj_create: begin lv_obj.c:215
[LVGL] [Info]	(2.370, +1)	 lv_button_create: begin lv_button.c:51
[LVGL] [Info]	(2.371, +1)	 lv_label_create: begin lv_label.c:125
[LVGL] [Info]	(2.372, +1)	 lv_obj_create: begin lv_obj.c:215
[LVGL] [Info]	(2.373, +1)	 lv_image_create: begin lv_image.c:138
[LVGL] [Info]	(2.375, +2)	 lv_label_create: begin lv_label.c:125
[LVGL] [Info]	(2.376, +1)	 lv_label_create: begin lv_label.c:125
[LVGL] [Info]	(2.380, +4)	 lv_label_create: begin lv_label.c:125
[LVGL] [Info]	(2.381, +1)	 lv_label_create: begin lv_label.c:125
[LVGL] [Info]	(2.382, +1)	 lv_label_create: begin lv_label.c:125
[LVGL] [Info]	(2.383, +1)	 lv_label_create: begin lv_label.c:125
[LVGL] [Info]	(2.384, +1)	 lv_button_create: begin lv_button.c:51
[LVGL] [Info]	(2.385, +1)	 lv_label_create: begin lv_label.c:125
[LVGL] [Info]	(2.387, +2)	 lv_button_create: begin lv_button.c:51
[LVGL] [Info]	(2.391, +4)	 lv_label_create: begin lv_label.c:125
[LVGL] [Info]	(2.393, +2)	 lv_keyboard_create: begin lv_keyboard.c:218
[LVGL] [Info]	(2.396, +3)	 lv_obj_create: begin lv_obj.c:215
[LVGL] [Info]	(2.397, +1)	 lv_label_create: begin lv_label.c:125
[LVGL] [Info]	(2.398, +1)	 lv_label_create: begin lv_label.c:125
[LVGL] [Info]	(2.399, +1)	 lv_textarea_create: begin lv_textarea.c:187
[LVGL] [Info]	(2.400, +1)	 lv_label_create: begin lv_label.c:125
[LVGL] [Info]	(2.402, +2)	 flex_update: update 0x403e4dc8 container lv_flex.c:128
[LVGL] [Info]	(2.411, +9)	 flex_update: update 0x403e4e58 container lv_flex.c:128
[LVGL] [Info]	(2.412, +1)	 flex_update: update 0x403e4dc8 container lv_flex.c:128
[LVGL] [Info]	(2.416, +4)	 lv_label_create: begin lv_label.c:125
[LVGL] [Info]	(2.417, +1)	 lv_textarea_create: begin lv_textarea.c:187
[LVGL] [Info]	(2.418, +1)	 lv_label_create: begin lv_label.c:125
[LVGL] [Info]	(2.423, +5)	 lv_label_create: begin lv_label.c:125
[LVGL] [Info]	(2.424, +1)	 lv_dropdown_create: begin lv_dropdown.c:158
[LVGL] [Info]	(2.425, +1)	 lv_dropdown_list_create: begin lv_dropdown.c:640
[LVGL] [Info]	(2.426, +1)	 lv_label_create: begin lv_label.c:125
[LVGL] [Info]	(2.427, +1)	 lv_label_create: begin lv_label.c:125
[LVGL] [Info]	(2.428, +1)	 lv_textarea_create: begin lv_textarea.c:187
[LVGL] [Info]	(2.429, +1)	 lv_label_create: begin lv_label.c:125
[LVGL] [Info]	(2.434, +5)	 lv_obj_create: begin lv_obj.c:215
[LVGL] [Info]	(2.435, +1)	 lv_label_create: begin lv_label.c:125
[LVGL] [Info]	(2.436, +1)	 lv_label_create: begin lv_label.c:125
[LVGL] [Info]	(2.437, +1)	 lv_slider_create: begin lv_slider.c:72
[LVGL] [Info]	(2.439, +2)	 lv_label_create: begin lv_label.c:125
[LVGL] [Info]	(2.440, +1)	 lv_switch_create: begin lv_switch.c:77
[LVGL] [Info]	(2.442, +2)	 lv_label_create: begin lv_label.c:125
[LVGL] [Info]	(2.443, +1)	 lv_switch_create: begin lv_switch.c:77
[LVGL] [Info]	(2.456, +13)	 lv_obj_create: begin lv_obj.c:215
[LVGL] [Info]	(2.457, +1)	 lv_label_create: begin lv_label.c:125
[LVGL] [Info]	(2.458, +1)	 lv_scale_create: begin lv_scale.c:94
[LVGL] [Info]	(2.460, +2)	 lv_obj_create: begin lv_obj.c:215
[LVGL] [Info]	(2.461, +1)	 lv_chart_create: begin lv_chart.c:73
[LVGL] [Info]	(2.463, +2)	 lv_scale_create: begin lv_scale.c:94
[LVGL] [Info]	(2.465, +2)	 lv_chart_add_series: begin lv_chart.c:286
[LVGL] [Info]	(2.467, +2)	 lv_obj_create: begin lv_obj.c:215
[LVGL] [Info]	(2.468, +1)	 lv_label_create: begin lv_label.c:125
[LVGL] [Info]	(2.469, +1)	 lv_scale_create: begin lv_scale.c:94
[LVGL] [Info]	(2.470, +1)	 lv_obj_create: begin lv_obj.c:215
[LVGL] [Info]	(2.471, +1)	 lv_chart_create: begin lv_chart.c:73
[LVGL] [Info]	(2.472, +1)	 lv_scale_create: begin lv_scale.c:94
[LVGL] [Info]	(2.473, +1)	 lv_chart_add_series: begin lv_chart.c:286
[LVGL] [Info]	(2.473, +0)	 lv_chart_add_series: begin lv_chart.c:286
[LVGL] [Info]	(2.476, +3)	 grid_update: update 0x403e56f0 container lv_grid.c:189
[LVGL] [Info]	(2.482, +6)	 grid_update: update 0x403e6128 container lv_grid.c:189
[LVGL] [Info]	(2.486, +4)	 grid_update: update 0x403e7380 container lv_grid.c:189
[LVGL] [Info]	(2.486, +0)	 grid_update: update 0x403e4f98 container lv_grid.c:189
[LVGL] [Info]	(2.488, +2)	 grid_update: update 0x403e8338 container lv_grid.c:189
[LVGL] [Info]	(2.490, +2)	 grid_update: update 0x403e7820 container lv_grid.c:189
[LVGL] [Info]	(2.491, +1)	 grid_update: update 0x403e89a8 container lv_grid.c:189
[LVGL] [Info]	(2.492, +1)	 grid_update: update 0x403e86c8 container lv_grid.c:189
[LVGL] [Info]	(2.493, +1)	 flex_update: update 0x403e5240 container lv_flex.c:128
[LVGL] [Info]	(2.493, +0)	 flex_update: update 0x403e4e58 container lv_flex.c:128
[LVGL] [Info]	(2.498, +5)	 grid_update: update 0x403e56f0 container lv_grid.c:189
[LVGL] [Info]	(2.502, +4)	 grid_update: update 0x403e6128 container lv_grid.c:189
[LVGL] [Info]	(2.503, +1)	 grid_update: update 0x403e7380 container lv_grid.c:189
[LVGL] [Info]	(2.504, +1)	 grid_update: update 0x403e4f98 container lv_grid.c:189
[LVGL] [Info]	(2.505, +1)	 grid_update: update 0x403e8338 container lv_grid.c:189
[LVGL] [Info]	(2.505, +0)	 grid_update: update 0x403e7820 container lv_grid.c:189
[LVGL] [Info]	(2.508, +3)	 grid_update: update 0x403e89a8 container lv_grid.c:189
[LVGL] [Info]	(2.508, +0)	 grid_update: update 0x403e86c8 container lv_grid.c:189
[LVGL] [Info]	(2.509, +1)	 flex_update: update 0x403e5240 container lv_flex.c:128
[LVGL] [Info]	(2.510, +1)	 grid_update: update 0x403e56f0 container lv_grid.c:189
[LVGL] [Info]	(2.513, +3)	 grid_update: update 0x403e6128 container lv_grid.c:189
[LVGL] [Info]	(2.513, +0)	 grid_update: update 0x403e4f98 container lv_grid.c:189
[LVGL] [Info]	(2.514, +1)	 grid_update: update 0x403e8338 container lv_grid.c:189
[LVGL] [Info]	(2.515, +1)	 grid_update: update 0x403e7820 container lv_grid.c:189
[LVGL] [Info]	(2.516, +1)	 grid_update: update 0x403e89a8 container lv_grid.c:189
[LVGL] [Info]	(2.516, +0)	 grid_update: update 0x403e86c8 container lv_grid.c:189
[LVGL] [Info]	(2.517, +1)	 grid_update: update 0x403e56f0 container lv_grid.c:189
[LVGL] [Info]	(2.519, +2)	 lv_obj_create: begin lv_obj.c:215
[LVGL] [Info]	(2.519, +0)	 lv_label_create: begin lv_label.c:125
[LVGL] [Info]	(2.520, +1)	 lv_scale_create: begin lv_scale.c:94
[LVGL] [Info]	(2.521, +1)	 lv_obj_create: begin lv_obj.c:215
[LVGL] [Info]	(2.522, +1)	 lv_label_create: begin lv_label.c:125
[LVGL] [Info]	(2.522, +0)	 lv_obj_create: begin lv_obj.c:215
[LVGL] [Info]	(2.523, +1)	 lv_label_create: begin lv_label.c:125
[LVGL] [Info]	(2.524, +1)	 lv_obj_create: begin lv_obj.c:215
[LVGL] [Info]	(2.524, +0)	 lv_label_create: begin lv_label.c:125
[LVGL] [Info]	(2.527, +3)	 lv_obj_create: begin lv_obj.c:215
[LVGL] [Info]	(2.528, +1)	 lv_label_create: begin lv_label.c:125
[LVGL] [Info]	(2.528, +0)	 lv_scale_create: begin lv_scale.c:94
[LVGL] [Info]	(2.529, +1)	 lv_obj_create: begin lv_obj.c:215
[LVGL] [Info]	(2.530, +1)	 lv_label_create: begin lv_label.c:125
[LVGL] [Info]	(2.531, +1)	 lv_obj_create: begin lv_obj.c:215
[LVGL] [Info]	(2.531, +0)	 lv_label_create: begin lv_label.c:125
[LVGL] [Info]	(2.532, +1)	 lv_obj_create: begin lv_obj.c:215
[LVGL] [Info]	(2.533, +1)	 lv_label_create: begin lv_label.c:125
[LVGL] [Info]	(2.535, +2)	 lv_obj_create: begin lv_obj.c:215
[LVGL] [Info]	(2.536, +1)	 lv_label_create: begin lv_label.c:125
[LVGL] [Info]	(2.537, +1)	 lv_scale_create: begin lv_scale.c:94
[LVGL] [Info]	(2.538, +1)	 lv_obj_create: begin lv_obj.c:215
[LVGL] [Info]	(2.539, +1)	 lv_label_create: begin lv_label.c:125
[LVGL] [Info]	(2.539, +0)	 lv_obj_create: begin lv_obj.c:215
[LVGL] [Info]	(2.540, +1)	 lv_label_create: begin lv_label.c:125
[LVGL] [Info]	(2.541, +1)	 lv_obj_create: begin lv_obj.c:215
[LVGL] [Info]	(2.546, +5)	 lv_label_create: begin lv_label.c:125
[LVGL] [Info]	(2.549, +3)	 grid_update: update 0x403e89a8 container lv_grid.c:189
[LVGL] [Info]	(2.552, +3)	 grid_update: update 0x403e8da0 container lv_grid.c:189
[LVGL] [Info]	(2.558, +6)	 grid_update: update 0x403e9548 container lv_grid.c:189
[LVGL] [Info]	(2.562, +4)	 grid_update: update 0x403e9cf0 container lv_grid.c:189
[LVGL] [Info]	(2.563, +1)	 flex_update: update 0x403e5240 container lv_flex.c:128
[LVGL] [Info]	(2.565, +2)	 grid_update: update 0x403e8da0 container lv_grid.c:189
[LVGL] [Info]	(2.567, +2)	 grid_update: update 0x403e9548 container lv_grid.c:189
[LVGL] [Info]	(2.569, +2)	 grid_update: update 0x403e9cf0 container lv_grid.c:189
[LVGL] [Info]	(2.570, +1)	 flex_update: update 0x403e5240 container lv_flex.c:128
[LVGL] [Info]	(2.571, +1)	 grid_update: update 0x403e8da0 container lv_grid.c:189
[LVGL] [Info]	(2.573, +2)	 grid_update: update 0x403e9548 container lv_grid.c:189
[LVGL] [Info]	(2.574, +1)	 grid_update: update 0x403e9cf0 container lv_grid.c:189
[LVGL] [Info]	(2.575, +1)	 flex_update: update 0x403e5240 container lv_flex.c:128
[LVGL] [Info]	(2.576, +1)	 grid_update: update 0x403e8da0 container lv_grid.c:189
[LVGL] [Info]	(2.577, +1)	 grid_update: update 0x403e9548 container lv_grid.c:189
[LVGL] [Info]	(2.578, +1)	 grid_update: update 0x403e9cf0 container lv_grid.c:189
[LVGL] [Info]	(2.579, +1)	 lv_arc_create: begin lv_arc.c:76
[LVGL] [Info]	(2.586, +7)	 lv_arc_create: begin lv_arc.c:76
[LVGL] [Info]	(2.588, +2)	 lv_arc_create: begin lv_arc.c:76
[LVGL] [Info]	(2.590, +2)	 lv_arc_create: begin lv_arc.c:76
[LVGL] [Info]	(2.591, +1)	 lv_arc_create: begin lv_arc.c:76
[LVGL] [Info]	(2.593, +2)	 lv_arc_create: begin lv_arc.c:76
[LVGL] [Info]	(2.595, +2)	 lv_image_create: begin lv_image.c:138
[LVGL] [Info]	(2.597, +2)	 grid_update: update 0x403e8da0 container lv_grid.c:189
[LVGL] [Info]	(2.599, +2)	 grid_update: update 0x403e9548 container lv_grid.c:189
[LVGL] [Info]	(2.601, +2)	 grid_update: update 0x403e9cf0 container lv_grid.c:189
[LVGL] [Info]	(2.602, +1)	 flex_update: update 0x403e5240 container lv_flex.c:128
[LVGL] [Info]	(2.604, +2)	 grid_update: update 0x403e8da0 container lv_grid.c:189
[LVGL] [Info]	(2.606, +2)	 grid_update: update 0x403e9548 container lv_grid.c:189
[LVGL] [Info]	(2.607, +1)	 grid_update: update 0x403e9cf0 container lv_grid.c:189
[LVGL] [Info]	(2.608, +1)	 flex_update: update 0x403e5240 container lv_flex.c:128
[LVGL] [Info]	(2.609, +1)	 grid_update: update 0x403e8da0 container lv_grid.c:189
[LVGL] [Info]	(2.610, +1)	 grid_update: update 0x403e9548 container lv_grid.c:189
[LVGL] [Info]	(2.611, +1)	 grid_update: update 0x403e9cf0 container lv_grid.c:189
[LVGL] [Info]	(2.612, +1)	 flex_update: update 0x403e5240 container lv_flex.c:128
[LVGL] [Info]	(2.613, +1)	 grid_update: update 0x403e8da0 container lv_grid.c:189
[LVGL] [Info]	(2.614, +1)	 grid_update: update 0x403e9548 container lv_grid.c:189
[LVGL] [Info]	(2.615, +1)	 grid_update: update 0x403e9cf0 container lv_grid.c:189
[LVGL] [Info]	(2.617, +2)	 lv_label_create: begin lv_label.c:125
[LVGL] [Info]	(2.617, +0)	 lv_label_create: begin lv_label.c:125
[LVGL] [Info]	(2.623, +6)	 lv_obj_create: begin lv_obj.c:215
[LVGL] [Info]	(2.623, +0)	 lv_label_create: begin lv_label.c:125
[LVGL] [Info]	(2.624, +1)	 lv_label_create: begin lv_label.c:125
[LVGL] [Info]	(2.625, +1)	 lv_label_create: begin lv_label.c:125
[LVGL] [Info]	(2.626, +1)	 lv_label_create: begin lv_label.c:125
[LVGL] [Info]	(2.627, +1)	 lv_chart_create: begin lv_chart.c:73
[LVGL] [Info]	(2.627, +0)	 lv_chart_add_series: begin lv_chart.c:286
[LVGL] [Info]	(2.630, +3)	 flex_update: update 0x403e5498 container lv_flex.c:128
[LVGL] [Info]	(2.631, +1)	 flex_update: update 0x403e4e58 container lv_flex.c:128
[LVGL] [Info]	(2.635, +4)	 lv_obj_create: begin lv_obj.c:215
[LVGL] [Info]	(2.635, +0)	 lv_label_create: begin lv_label.c:125
[LVGL] [Info]	(2.636, +1)	 lv_obj_create: begin lv_obj.c:215
[LVGL] [Info]	(2.637, +1)	 lv_image_create: begin lv_image.c:138
[LVGL] [Info]	(2.638, +1)	 lv_label_create: begin lv_label.c:125
[LVGL] [Info]	(2.639, +1)	 lv_label_create: begin lv_label.c:125
[LVGL] [Info]	(2.641, +2)	 lv_label_create: begin lv_label.c:125
[LVGL] [Info]	(2.642, +1)	 lv_obj_create: begin lv_obj.c:215
[LVGL] [Info]	(2.642, +0)	 lv_image_create: begin lv_image.c:138
[LVGL] [Info]	(2.643, +1)	 lv_label_create: begin lv_label.c:125
[LVGL] [Info]	(2.644, +1)	 lv_label_create: begin lv_label.c:125
[LVGL] [Info]	(2.645, +1)	 lv_label_create: begin lv_label.c:125
[LVGL] [Info]	(2.646, +1)	 lv_obj_create: begin lv_obj.c:215
[LVGL] [Info]	(2.647, +1)	 lv_image_create: begin lv_image.c:138
[LVGL] [Info]	(2.648, +1)	 lv_label_create: begin lv_label.c:125
[LVGL] [Info]	(2.649, +1)	 lv_label_create: begin lv_label.c:125
[LVGL] [Info]	(2.650, +1)	 lv_label_create: begin lv_label.c:125
[LVGL] [Info]	(2.651, +1)	 lv_obj_create: begin lv_obj.c:215
[LVGL] [Info]	(2.652, +1)	 lv_image_create: begin lv_image.c:138
[LVGL] [Info]	(2.652, +0)	 lv_label_create: begin lv_label.c:125
[LVGL] [Info]	(2.653, +1)	 lv_label_create: begin lv_label.c:125
[LVGL] [Info]	(2.654, +1)	 lv_label_create: begin lv_label.c:125
[LVGL] [Info]	(2.655, +1)	 lv_obj_create: begin lv_obj.c:215
[LVGL] [Info]	(2.656, +1)	 lv_image_create: begin lv_image.c:138
[LVGL] [Info]	(2.657, +1)	 lv_label_create: begin lv_label.c:125
[LVGL] [Info]	(2.658, +1)	 lv_label_create: begin lv_label.c:125
[LVGL] [Info]	(2.659, +1)	 lv_label_create: begin lv_label.c:125
[LVGL] [Info]	(2.660, +1)	 lv_obj_create: begin lv_obj.c:215
[LVGL] [Info]	(2.660, +0)	 lv_label_create: begin lv_label.c:125
[LVGL] [Info]	(2.661, +1)	 lv_checkbox_create: begin lv_checkbox.c:62
[LVGL] [Info]	(2.663, +2)	 lv_checkbox_create: begin lv_checkbox.c:62
[LVGL] [Info]	(2.664, +1)	 lv_checkbox_create: begin lv_checkbox.c:62
[LVGL] [Info]	(2.665, +1)	 lv_checkbox_create: begin lv_checkbox.c:62
[LVGL] [Info]	(2.666, +1)	 lv_checkbox_create: begin lv_checkbox.c:62
[LVGL] [Info]	(2.667, +1)	 lv_checkbox_create: begin lv_checkbox.c:62
[LVGL] [Info]	(2.668, +1)	 lv_obj_create: begin lv_obj.c:215
[LVGL] [Info]	(2.669, +1)	 lv_button_create: begin lv_button.c:51
[LVGL] [Info]	(2.671, +2)	 lv_button_create: begin lv_button.c:51
[LVGL] [Info]	(2.671, +0)	 lv_button_create: begin lv_button.c:51
[LVGL] [Info]	(2.672, +1)	 lv_button_create: begin lv_button.c:51
[LVGL] [Info]	(2.673, +1)	 lv_button_create: begin lv_button.c:51
[LVGL] [Info]	(2.674, +1)	 lv_button_create: begin lv_button.c:51
[LVGL] [Info]	(2.675, +1)	 lv_button_create: begin lv_button.c:51
[LVGL] [Info]	(2.676, +1)	 lv_button_create: begin lv_button.c:51
[LVGL] [Info]	(2.681, +5)	 grid_update: update 0x403eb378 container lv_grid.c:189
[LVGL] [Info]	(2.684, +3)	 grid_update: update 0x403ebb90 container lv_grid.c:189
[LVGL] [Info]	(2.686, +2)	 grid_update: update 0x403ebfd0 container lv_grid.c:189
[LVGL] [Info]	(2.687, +1)	 grid_update: update 0x403ec410 container lv_grid.c:189
[LVGL] [Info]	(2.689, +2)	 grid_update: update 0x403ec858 container lv_grid.c:189
[LVGL] [Info]	(2.691, +2)	 grid_update: update 0x403ecc98 container lv_grid.c:189
[LVGL] [Info]	(2.691, +0)	 flex_update: update 0x403eba28 container lv_flex.c:128
[LVGL] [Info]	(2.694, +3)	 flex_update: update 0x403ed0e8 container lv_flex.c:128
[LVGL] [Info]	(2.695, +1)	 flex_update: update 0x403e5498 container lv_flex.c:128
[LVGL] [Info]	(2.697, +2)	 flex_update: update 0x403ed878 container lv_flex.c:128
[LVGL] [Info]	(2.698, +1)	 flex_update: update 0x403e4d10 container lv_flex.c:128
[LVGL] [Info]	(2.699, +1)	 grid_update: update 0x403eb378 container lv_grid.c:189
[LVGL] [Info]	(2.700, +1)	 grid_update: update 0x403ebb90 container lv_grid.c:189
[LVGL] [Info]	(2.701, +1)	 grid_update: update 0x403ebfd0 container lv_grid.c:189
[LVGL] [Info]	(2.702, +1)	 grid_update: update 0x403ec410 container lv_grid.c:189
[LVGL] [Info]	(2.703, +1)	 grid_update: update 0x403ec858 container lv_grid.c:189
[LVGL] [Info]	(2.704, +1)	 grid_update: update 0x403ecc98 container lv_grid.c:189
[LVGL] [Info]	(2.705, +1)	 flex_update: update 0x403eba28 container lv_flex.c:128
[LVGL] [Info]	(2.706, +1)	 flex_update: update 0x403ed0e8 container lv_flex.c:128
[LVGL] [Info]	(2.707, +1)	 flex_update: update 0x403e5498 container lv_flex.c:128
[LVGL] [Info]	(2.707, +0)	 flex_update: update 0x403ed878 container lv_flex.c:128
[LVGL] [Info]	(2.708, +1)	 grid_update: update 0x403ebb90 container lv_grid.c:189
[LVGL] [Info]	(2.709, +1)	 grid_update: update 0x403ebfd0 container lv_grid.c:189
[LVGL] [Info]	(2.709, +0)	 grid_update: update 0x403ec410 container lv_grid.c:189
[LVGL] [Info]	(2.710, +1)	 grid_update: update 0x403ec858 container lv_grid.c:189
[LVGL] [Info]	(2.711, +1)	 grid_update: update 0x403ecc98 container lv_grid.c:189
[LVGL] [Info]	(5.199, +2488)	 grid_update: update 0x403e8da0 container lv_grid.c:189
[LVGL] [Info]	(5.247, +48)	 grid_update: update 0x403e8da0 container lv_grid.c:189
[LVGL] [Info]	(6.718, +1471)	 grid_update: update 0x403e8da0 container lv_grid.c:189
[LVGL] [Info]	(6.753, +35)	 grid_update: update 0x403e8da0 container lv_grid.c:189
[LVGL] [Info]	(13.549, +6796)	 grid_update: update 0x403e8da0 container lv_grid.c:189
[LVGL] [Info]	(13.583, +34)	 grid_update: update 0x403e8da0 container lv_grid.c:189
[LVGL] [Info]	(20.367, +6784)	 grid_update: update 0x403e8da0 container lv_grid.c:189
[LVGL] [Info]	(20.407, +40)	 grid_update: update 0x403e8da0 container lv_grid.c:189
[qemu] 输出流结束: read interrupted by close() on another thread
[vela] QEMU 已退出（代码 0）
